<?xml version="1.0" encoding="ISO-8859-1" ?>
<link_info>
   <banner>TMS320C2000 Linker PC v20.2.2.LTS</banner>
   <copyright>Copyright (c) 1996-2018 Texas Instruments Incorporated</copyright>
   <link_time>0x5ffb0f1a</link_time>
   <link_errors>0x0</link_errors>
   <output_file>Final Project.out</output_file>
   <entry_point>
      <name>_c_int00</name>
      <address>0x189e5</address>
   </entry_point>
   <input_file_list>
      <input_file id="fl-2">
         <path>.\</path>
         <kind>object</kind>
         <file>CFFT_f32_sincostable.obj</file>
         <name>CFFT_f32_sincostable.obj</name>
      </input_file>
      <input_file id="fl-3">
         <path>.\</path>
         <kind>object</kind>
         <file>ICFFT_f32.obj</file>
         <name>ICFFT_f32.obj</name>
      </input_file>
      <input_file id="fl-4">
         <path>.\</path>
         <kind>object</kind>
         <file>RFFT_f32.obj</file>
         <name>RFFT_f32.obj</name>
      </input_file>
      <input_file id="fl-5">
         <path>.\</path>
         <kind>object</kind>
         <file>RFFT_f32_mag_TMU0.obj</file>
         <name>RFFT_f32_mag_TMU0.obj</name>
      </input_file>
      <input_file id="fl-6">
         <path>.\</path>
         <kind>object</kind>
         <file>RFFT_f32_sincostable.obj</file>
         <name>RFFT_f32_sincostable.obj</name>
      </input_file>
      <input_file id="fl-7">
         <path>.\</path>
         <kind>object</kind>
         <file>main4.obj</file>
         <name>main4.obj</name>
      </input_file>
      <input_file id="fl-8">
         <path>.\Common\</path>
         <kind>object</kind>
         <file>AIC23.obj</file>
         <name>AIC23.obj</name>
      </input_file>
      <input_file id="fl-9">
         <path>.\Common\</path>
         <kind>object</kind>
         <file>Codec_Driver.obj</file>
         <name>Codec_Driver.obj</name>
      </input_file>
      <input_file id="fl-a">
         <path>.\Common\</path>
         <kind>object</kind>
         <file>Custom_Utils.obj</file>
         <name>Custom_Utils.obj</name>
      </input_file>
      <input_file id="fl-b">
         <path>.\Common\</path>
         <kind>object</kind>
         <file>F2837xD_Adc.obj</file>
         <name>F2837xD_Adc.obj</name>
      </input_file>
      <input_file id="fl-c">
         <path>.\Common\</path>
         <kind>object</kind>
         <file>F2837xD_CodeStartBranch.obj</file>
         <name>F2837xD_CodeStartBranch.obj</name>
      </input_file>
      <input_file id="fl-d">
         <path>.\Common\</path>
         <kind>object</kind>
         <file>F2837xD_CpuTimers.obj</file>
         <name>F2837xD_CpuTimers.obj</name>
      </input_file>
      <input_file id="fl-e">
         <path>.\Common\</path>
         <kind>object</kind>
         <file>F2837xD_DBGIER.obj</file>
         <name>F2837xD_DBGIER.obj</name>
      </input_file>
      <input_file id="fl-f">
         <path>.\Common\</path>
         <kind>object</kind>
         <file>F2837xD_DefaultISR.obj</file>
         <name>F2837xD_DefaultISR.obj</name>
      </input_file>
      <input_file id="fl-10">
         <path>.\Common\</path>
         <kind>object</kind>
         <file>F2837xD_Dma.obj</file>
         <name>F2837xD_Dma.obj</name>
      </input_file>
      <input_file id="fl-11">
         <path>.\Common\</path>
         <kind>object</kind>
         <file>F2837xD_ECap.obj</file>
         <name>F2837xD_ECap.obj</name>
      </input_file>
      <input_file id="fl-12">
         <path>.\Common\</path>
         <kind>object</kind>
         <file>F2837xD_EPwm.obj</file>
         <name>F2837xD_EPwm.obj</name>
      </input_file>
      <input_file id="fl-13">
         <path>.\Common\</path>
         <kind>object</kind>
         <file>F2837xD_EQep.obj</file>
         <name>F2837xD_EQep.obj</name>
      </input_file>
      <input_file id="fl-14">
         <path>.\Common\</path>
         <kind>object</kind>
         <file>F2837xD_Emif.obj</file>
         <name>F2837xD_Emif.obj</name>
      </input_file>
      <input_file id="fl-15">
         <path>.\Common\</path>
         <kind>object</kind>
         <file>F2837xD_Gpio.obj</file>
         <name>F2837xD_Gpio.obj</name>
      </input_file>
      <input_file id="fl-16">
         <path>.\Common\</path>
         <kind>object</kind>
         <file>F2837xD_I2C.obj</file>
         <name>F2837xD_I2C.obj</name>
      </input_file>
      <input_file id="fl-17">
         <path>.\Common\</path>
         <kind>object</kind>
         <file>F2837xD_Ipc.obj</file>
         <name>F2837xD_Ipc.obj</name>
      </input_file>
      <input_file id="fl-18">
         <path>.\Common\</path>
         <kind>object</kind>
         <file>F2837xD_Ipc_Driver.obj</file>
         <name>F2837xD_Ipc_Driver.obj</name>
      </input_file>
      <input_file id="fl-19">
         <path>.\Common\</path>
         <kind>object</kind>
         <file>F2837xD_Ipc_Driver_Lite.obj</file>
         <name>F2837xD_Ipc_Driver_Lite.obj</name>
      </input_file>
      <input_file id="fl-1a">
         <path>.\Common\</path>
         <kind>object</kind>
         <file>F2837xD_Ipc_Driver_Util.obj</file>
         <name>F2837xD_Ipc_Driver_Util.obj</name>
      </input_file>
      <input_file id="fl-1b">
         <path>.\Common\</path>
         <kind>object</kind>
         <file>F2837xD_Mcbsp.obj</file>
         <name>F2837xD_Mcbsp.obj</name>
      </input_file>
      <input_file id="fl-1c">
         <path>.\Common\</path>
         <kind>object</kind>
         <file>F2837xD_PieCtrl.obj</file>
         <name>F2837xD_PieCtrl.obj</name>
      </input_file>
      <input_file id="fl-1d">
         <path>.\Common\</path>
         <kind>object</kind>
         <file>F2837xD_PieVect.obj</file>
         <name>F2837xD_PieVect.obj</name>
      </input_file>
      <input_file id="fl-1e">
         <path>.\Common\</path>
         <kind>object</kind>
         <file>F2837xD_Sci.obj</file>
         <name>F2837xD_Sci.obj</name>
      </input_file>
      <input_file id="fl-1f">
         <path>.\Common\</path>
         <kind>object</kind>
         <file>F2837xD_Spi.obj</file>
         <name>F2837xD_Spi.obj</name>
      </input_file>
      <input_file id="fl-20">
         <path>.\Common\</path>
         <kind>object</kind>
         <file>F2837xD_SysCtrl.obj</file>
         <name>F2837xD_SysCtrl.obj</name>
      </input_file>
      <input_file id="fl-21">
         <path>.\Common\</path>
         <kind>object</kind>
         <file>F2837xD_TempSensorConv.obj</file>
         <name>F2837xD_TempSensorConv.obj</name>
      </input_file>
      <input_file id="fl-22">
         <path>.\Common\</path>
         <kind>object</kind>
         <file>F2837xD_Upp.obj</file>
         <name>F2837xD_Upp.obj</name>
      </input_file>
      <input_file id="fl-23">
         <path>.\Common\</path>
         <kind>object</kind>
         <file>F2837xD_can.obj</file>
         <name>F2837xD_can.obj</name>
      </input_file>
      <input_file id="fl-24">
         <path>.\Common\</path>
         <kind>object</kind>
         <file>F2837xD_sci_io.obj</file>
         <name>F2837xD_sci_io.obj</name>
      </input_file>
      <input_file id="fl-25">
         <path>.\Common\</path>
         <kind>object</kind>
         <file>F2837xD_sdfm_drivers.obj</file>
         <name>F2837xD_sdfm_drivers.obj</name>
      </input_file>
      <input_file id="fl-26">
         <path>.\Common\</path>
         <kind>object</kind>
         <file>F2837xD_struct.obj</file>
         <name>F2837xD_struct.obj</name>
      </input_file>
      <input_file id="fl-27">
         <path>.\Common\</path>
         <kind>object</kind>
         <file>F2837xD_usDelay.obj</file>
         <name>F2837xD_usDelay.obj</name>
      </input_file>
      <input_file id="fl-28">
         <path>.\Common\</path>
         <kind>object</kind>
         <file>IO_Driver.obj</file>
         <name>IO_Driver.obj</name>
      </input_file>
      <input_file id="fl-29">
         <path>.\Common\</path>
         <kind>object</kind>
         <file>LCD_Driver.obj</file>
         <name>LCD_Driver.obj</name>
      </input_file>
      <input_file id="fl-2a">
         <path>.\Common\</path>
         <kind>object</kind>
         <file>OneToOneI2CDriver.obj</file>
         <name>OneToOneI2CDriver.obj</name>
      </input_file>
      <input_file id="fl-2b">
         <path>.\Common\</path>
         <kind>object</kind>
         <file>SPIB_Driver.obj</file>
         <name>SPIB_Driver.obj</name>
      </input_file>
      <input_file id="fl-2c">
         <path>.\Common\</path>
         <kind>object</kind>
         <file>SRAM_Driver.obj</file>
         <name>SRAM_Driver.obj</name>
      </input_file>
      <input_file id="fl-2d">
         <path>.\Common\</path>
         <kind>object</kind>
         <file>device.obj</file>
         <name>device.obj</name>
      </input_file>
      <input_file id="fl-2e">
         <path>.\Header\</path>
         <kind>object</kind>
         <file>F2837xD_GlobalVariableDefs.obj</file>
         <name>F2837xD_GlobalVariableDefs.obj</name>
      </input_file>
      <input_file id="fl-33">
         <kind>object</kind>
         <file>&lt;internal&gt;</file>
         <name>&lt;internal&gt;</name>
      </input_file>
      <input_file id="fl-3f">
         <path>D:\ti\ccs1011\ccs\tools\compiler\ti-cgt-c2000_20.2.2.LTS\lib\</path>
         <kind>archive</kind>
         <file>rts2800_fpu32.lib</file>
         <name>e_powf.c.obj</name>
      </input_file>
      <input_file id="fl-40">
         <path>D:\ti\ccs1011\ccs\tools\compiler\ti-cgt-c2000_20.2.2.LTS\lib\</path>
         <kind>archive</kind>
         <file>rts2800_fpu32.lib</file>
         <name>e_sqrtf.c.obj</name>
      </input_file>
      <input_file id="fl-41">
         <path>D:\ti\ccs1011\ccs\tools\compiler\ti-cgt-c2000_20.2.2.LTS\lib\</path>
         <kind>archive</kind>
         <file>rts2800_fpu32.lib</file>
         <name>s_scalbnf.c.obj</name>
      </input_file>
      <input_file id="fl-42">
         <path>D:\ti\ccs1011\ccs\tools\compiler\ti-cgt-c2000_20.2.2.LTS\lib\</path>
         <kind>archive</kind>
         <file>rts2800_fpu32.lib</file>
         <name>boot28.asm.obj</name>
      </input_file>
      <input_file id="fl-43">
         <path>D:\ti\ccs1011\ccs\tools\compiler\ti-cgt-c2000_20.2.2.LTS\lib\</path>
         <kind>archive</kind>
         <file>rts2800_fpu32.lib</file>
         <name>fs_div28.asm.obj</name>
      </input_file>
      <input_file id="fl-44">
         <path>D:\ti\ccs1011\ccs\tools\compiler\ti-cgt-c2000_20.2.2.LTS\lib\</path>
         <kind>archive</kind>
         <file>rts2800_fpu32.lib</file>
         <name>ll_aox28.asm.obj</name>
      </input_file>
      <input_file id="fl-45">
         <path>D:\ti\ccs1011\ccs\tools\compiler\ti-cgt-c2000_20.2.2.LTS\lib\</path>
         <kind>archive</kind>
         <file>rts2800_fpu32.lib</file>
         <name>i_div28.asm.obj</name>
      </input_file>
      <input_file id="fl-46">
         <path>D:\ti\ccs1011\ccs\tools\compiler\ti-cgt-c2000_20.2.2.LTS\lib\</path>
         <kind>archive</kind>
         <file>rts2800_fpu32.lib</file>
         <name>cpy_tbl.c.obj</name>
      </input_file>
      <input_file id="fl-47">
         <path>D:\ti\ccs1011\ccs\tools\compiler\ti-cgt-c2000_20.2.2.LTS\lib\</path>
         <kind>archive</kind>
         <file>rts2800_fpu32.lib</file>
         <name>memcpy.c.obj</name>
      </input_file>
      <input_file id="fl-48">
         <path>D:\ti\ccs1011\ccs\tools\compiler\ti-cgt-c2000_20.2.2.LTS\lib\</path>
         <kind>archive</kind>
         <file>rts2800_fpu32.lib</file>
         <name>pre_init.c.obj</name>
      </input_file>
      <input_file id="fl-49">
         <path>D:\ti\ccs1011\ccs\tools\compiler\ti-cgt-c2000_20.2.2.LTS\lib\</path>
         <kind>archive</kind>
         <file>rts2800_fpu32.lib</file>
         <name>startup.c.obj</name>
      </input_file>
      <input_file id="fl-4a">
         <path>D:\ti\ccs1011\ccs\tools\compiler\ti-cgt-c2000_20.2.2.LTS\lib\</path>
         <kind>archive</kind>
         <file>rts2800_fpu32.lib</file>
         <name>exit.c.obj</name>
      </input_file>
      <input_file id="fl-4b">
         <path>D:\ti\ccs1011\ccs\tools\compiler\ti-cgt-c2000_20.2.2.LTS\lib\</path>
         <kind>archive</kind>
         <file>rts2800_fpu32.lib</file>
         <name>_lock.c.obj</name>
      </input_file>
      <input_file id="fl-4c">
         <path>D:\ti\ccs1011\ccs\tools\compiler\ti-cgt-c2000_20.2.2.LTS\lib\</path>
         <kind>archive</kind>
         <file>rts2800_fpu32.lib</file>
         <name>args_main.c.obj</name>
      </input_file>
      <input_file id="fl-4d">
         <path>D:\ti\ccs1011\ccs\tools\compiler\ti-cgt-c2000_20.2.2.LTS\lib\</path>
         <kind>archive</kind>
         <file>rts2800_fpu32.lib</file>
         <name>memory.c.obj</name>
      </input_file>
      <input_file id="fl-4e">
         <path>D:\ti\ccs1011\ccs\tools\compiler\ti-cgt-c2000_20.2.2.LTS\lib\</path>
         <kind>archive</kind>
         <file>rts2800_fpu32.lib</file>
         <name>memset.c.obj</name>
      </input_file>
      <input_file id="fl-4f">
         <path>D:\ti\ccs1011\ccs\tools\compiler\ti-cgt-c2000_20.2.2.LTS\lib\</path>
         <kind>archive</kind>
         <file>rts2800_fpu32.lib</file>
         <name>strlen.c.obj</name>
      </input_file>
      <input_file id="fl-50">
         <path>D:\ti\ccs1011\ccs\tools\compiler\ti-cgt-c2000_20.2.2.LTS\lib\</path>
         <kind>archive</kind>
         <file>rts2800_fpu32.lib</file>
         <name>errno.c.obj</name>
      </input_file>
      <input_file id="fl-51">
         <path>D:\ti\ccs1011\ccs\tools\compiler\ti-cgt-c2000_20.2.2.LTS\lib\</path>
         <kind>archive</kind>
         <file>rts2800_fpu32.lib</file>
         <name>s_copysignf.c.obj</name>
      </input_file>
   </input_file_list>
   <object_component_list>
      <object_component id="oc-bc">
         <name>codestart</name>
         <load_address>0x0</load_address>
         <run_address>0x0</run_address>
         <size>0x2</size>
         <input_file_ref idref="fl-c"/>
      </object_component>
      <object_component id="oc-246">
         <name>.text</name>
         <load_address>0x1614c</load_address>
         <run_address>0x1614c</run_address>
         <size>0xb2f</size>
         <input_file_ref idref="fl-7"/>
      </object_component>
      <object_component id="oc-cd">
         <name>.text:retain</name>
         <load_address>0x16c7b</load_address>
         <run_address>0x16c7b</run_address>
         <size>0x585</size>
         <input_file_ref idref="fl-f"/>
      </object_component>
      <object_component id="oc-256">
         <name>.text</name>
         <load_address>0x17200</load_address>
         <run_address>0x17200</run_address>
         <size>0x4aa</size>
         <input_file_ref idref="fl-20"/>
      </object_component>
      <object_component id="oc-286">
         <name>.text</name>
         <load_address>0x176aa</load_address>
         <run_address>0x176aa</run_address>
         <size>0x369</size>
         <input_file_ref idref="fl-3f"/>
      </object_component>
      <object_component id="oc-283">
         <name>.text</name>
         <load_address>0x17a13</load_address>
         <run_address>0x17a13</run_address>
         <size>0x28c</size>
         <input_file_ref idref="fl-4d"/>
      </object_component>
      <object_component id="oc-245">
         <name>.text</name>
         <load_address>0x17c9f</load_address>
         <run_address>0x17c9f</run_address>
         <size>0x244</size>
         <input_file_ref idref="fl-15"/>
      </object_component>
      <object_component id="oc-260">
         <name>.text</name>
         <load_address>0x17ee3</load_address>
         <run_address>0x17ee3</run_address>
         <size>0x1c0</size>
         <input_file_ref idref="fl-9"/>
      </object_component>
      <object_component id="oc-284">
         <name>.text</name>
         <load_address>0x180a3</load_address>
         <run_address>0x180a3</run_address>
         <size>0x1b8</size>
         <input_file_ref idref="fl-1b"/>
      </object_component>
      <object_component id="oc-242">
         <name>.text</name>
         <load_address>0x1825b</load_address>
         <run_address>0x1825b</run_address>
         <size>0x1</size>
         <input_file_ref idref="fl-49"/>
      </object_component>
      <object_component id="oc-86">
         <name>.text</name>
         <load_address>0x1825c</load_address>
         <run_address>0x1825c</run_address>
         <size>0x179</size>
         <input_file_ref idref="fl-3"/>
      </object_component>
      <object_component id="oc-a2">
         <name>.text:retain</name>
         <load_address>0x183d5</load_address>
         <run_address>0x183d5</run_address>
         <size>0x12f</size>
         <input_file_ref idref="fl-7"/>
      </object_component>
      <object_component id="oc-259">
         <name>.text</name>
         <load_address>0x18504</load_address>
         <run_address>0x18504</run_address>
         <size>0x12a</size>
         <input_file_ref idref="fl-29"/>
      </object_component>
      <object_component id="oc-8c">
         <name>.text</name>
         <load_address>0x1862e</load_address>
         <run_address>0x1862e</run_address>
         <size>0x11d</size>
         <input_file_ref idref="fl-4"/>
      </object_component>
      <object_component id="oc-27a">
         <name>.text</name>
         <load_address>0x1874b</load_address>
         <run_address>0x1874b</run_address>
         <size>0xa0</size>
         <input_file_ref idref="fl-2a"/>
      </object_component>
      <object_component id="oc-281">
         <name>.text</name>
         <load_address>0x187eb</load_address>
         <run_address>0x187eb</run_address>
         <size>0x97</size>
         <input_file_ref idref="fl-a"/>
      </object_component>
      <object_component id="oc-1f1">
         <name>.text</name>
         <load_address>0x18882</load_address>
         <run_address>0x18882</run_address>
         <size>0x88</size>
         <input_file_ref idref="fl-43"/>
      </object_component>
      <object_component id="oc-25d">
         <name>.text</name>
         <load_address>0x1890a</load_address>
         <run_address>0x1890a</run_address>
         <size>0x83</size>
         <input_file_ref idref="fl-6"/>
      </object_component>
      <object_component id="oc-28c">
         <name>.text</name>
         <load_address>0x1898d</load_address>
         <run_address>0x1898d</run_address>
         <size>0x58</size>
         <input_file_ref idref="fl-41"/>
      </object_component>
      <object_component id="oc-80">
         <name>.text</name>
         <load_address>0x189e5</load_address>
         <run_address>0x189e5</run_address>
         <size>0x56</size>
         <input_file_ref idref="fl-42"/>
      </object_component>
      <object_component id="oc-25f">
         <name>.text</name>
         <load_address>0x18a3b</load_address>
         <run_address>0x18a3b</run_address>
         <size>0x4f</size>
         <input_file_ref idref="fl-2"/>
      </object_component>
      <object_component id="oc-91">
         <name>.text</name>
         <load_address>0x18a8a</load_address>
         <run_address>0x18a8a</run_address>
         <size>0x4e</size>
         <input_file_ref idref="fl-5"/>
      </object_component>
      <object_component id="oc-261">
         <name>.text</name>
         <load_address>0x18ad8</load_address>
         <run_address>0x18ad8</run_address>
         <size>0x42</size>
         <input_file_ref idref="fl-8"/>
      </object_component>
      <object_component id="oc-244">
         <name>.text</name>
         <load_address>0x18b1a</load_address>
         <run_address>0x18b1a</run_address>
         <size>0x29</size>
         <input_file_ref idref="fl-4a"/>
      </object_component>
      <object_component id="oc-257">
         <name>.text</name>
         <load_address>0x18b43</load_address>
         <run_address>0x18b43</run_address>
         <size>0x28</size>
         <input_file_ref idref="fl-1c"/>
      </object_component>
      <object_component id="oc-288">
         <name>.text</name>
         <load_address>0x18b6c</load_address>
         <run_address>0x18b6c</run_address>
         <size>0x27</size>
         <input_file_ref idref="fl-40"/>
      </object_component>
      <object_component id="oc-258">
         <name>.text</name>
         <load_address>0x18b93</load_address>
         <run_address>0x18b93</run_address>
         <size>0x26</size>
         <input_file_ref idref="fl-1d"/>
      </object_component>
      <object_component id="oc-241">
         <name>.text</name>
         <load_address>0x18bb9</load_address>
         <run_address>0x18bb9</run_address>
         <size>0x24</size>
         <input_file_ref idref="fl-46"/>
      </object_component>
      <object_component id="oc-1fb">
         <name>.text</name>
         <load_address>0x18bdd</load_address>
         <run_address>0x18bdd</run_address>
         <size>0x22</size>
         <input_file_ref idref="fl-45"/>
      </object_component>
      <object_component id="oc-253">
         <name>.text</name>
         <load_address>0x18bff</load_address>
         <run_address>0x18bff</run_address>
         <size>0x1d</size>
         <input_file_ref idref="fl-47"/>
      </object_component>
      <object_component id="oc-1f6">
         <name>.text</name>
         <load_address>0x18c1c</load_address>
         <run_address>0x18c1c</run_address>
         <size>0x18</size>
         <input_file_ref idref="fl-44"/>
      </object_component>
      <object_component id="oc-243">
         <name>.text</name>
         <load_address>0x18c34</load_address>
         <run_address>0x18c34</run_address>
         <size>0x12</size>
         <input_file_ref idref="fl-4c"/>
      </object_component>
      <object_component id="oc-28d">
         <name>.text</name>
         <load_address>0x18c46</load_address>
         <run_address>0x18c46</run_address>
         <size>0x11</size>
         <input_file_ref idref="fl-51"/>
      </object_component>
      <object_component id="oc-277">
         <name>.text</name>
         <load_address>0x18c57</load_address>
         <run_address>0x18c57</run_address>
         <size>0x9</size>
         <input_file_ref idref="fl-4b"/>
      </object_component>
      <object_component id="oc-282">
         <name>.text</name>
         <load_address>0x18c60</load_address>
         <run_address>0x18c60</run_address>
         <size>0x8</size>
         <input_file_ref idref="fl-4f"/>
      </object_component>
      <object_component id="oc-287">
         <name>.text</name>
         <load_address>0x18c68</load_address>
         <run_address>0x18c68</run_address>
         <size>0x7</size>
         <input_file_ref idref="fl-4e"/>
      </object_component>
      <object_component id="oc-c7">
         <name>.text</name>
         <load_address>0x18c6f</load_address>
         <run_address>0x18c6f</run_address>
         <size>0x3</size>
         <input_file_ref idref="fl-e"/>
      </object_component>
      <object_component id="oc-240">
         <name>.text</name>
         <load_address>0x18c72</load_address>
         <run_address>0x18c72</run_address>
         <size>0x2</size>
         <input_file_ref idref="fl-48"/>
      </object_component>
      <object_component id="oc-9c">
         <name>.cinit</name>
         <load_address>0x18c74</load_address>
         <run_address>0x18c74</run_address>
         <size>0x8d</size>
         <input_file_ref idref="fl-7"/>
      </object_component>
      <object_component id="oc-1a0">
         <name>.cinit:_TRIP_SEL</name>
         <load_address>0x18d01</load_address>
         <run_address>0x18d01</run_address>
         <size>0x21</size>
         <input_file_ref idref="fl-26"/>
      </object_component>
      <object_component id="oc-1c7">
         <name>.cinit:_EPWM</name>
         <load_address>0x18d22</load_address>
         <run_address>0x18d22</run_address>
         <size>0x1d</size>
         <input_file_ref idref="fl-26"/>
      </object_component>
      <object_component id="oc-265">
         <name>.cinit:_xBuffer_IN</name>
         <load_address>0x18d3f</load_address>
         <run_address>0x18d3f</run_address>
         <size>0x1b</size>
         <input_file_ref idref="fl-7"/>
      </object_component>
      <object_component id="oc-26b">
         <name>.cinit:_xBuffer_OUT</name>
         <load_address>0x18d5a</load_address>
         <run_address>0x18d5a</run_address>
         <size>0x1b</size>
         <input_file_ref idref="fl-7"/>
      </object_component>
      <object_component id="oc-263">
         <name>.cinit:_yBuffer_IN</name>
         <load_address>0x18d75</load_address>
         <run_address>0x18d75</run_address>
         <size>0x1b</size>
         <input_file_ref idref="fl-7"/>
      </object_component>
      <object_component id="oc-269">
         <name>.cinit:_yBuffer_OUT</name>
         <load_address>0x18d90</load_address>
         <run_address>0x18d90</run_address>
         <size>0x1b</size>
         <input_file_ref idref="fl-7"/>
      </object_component>
      <object_component id="oc-190">
         <name>.cinit:_ECAP</name>
         <load_address>0x18dab</load_address>
         <run_address>0x18dab</run_address>
         <size>0x11</size>
         <input_file_ref idref="fl-26"/>
      </object_component>
      <object_component id="oc-167">
         <name>.cinit</name>
         <load_address>0x18dbc</load_address>
         <run_address>0x18dbc</run_address>
         <size>0xf</size>
         <input_file_ref idref="fl-2d"/>
      </object_component>
      <object_component id="oc-215">
         <name>.cinit</name>
         <load_address>0x18dcb</load_address>
         <run_address>0x18dcb</run_address>
         <size>0xe</size>
         <input_file_ref idref="fl-4a"/>
      </object_component>
      <object_component id="oc-1c0">
         <name>.cinit:_ADC</name>
         <load_address>0x18dd9</load_address>
         <run_address>0x18dd9</run_address>
         <size>0xd</size>
         <input_file_ref idref="fl-26"/>
      </object_component>
      <object_component id="oc-1a4">
         <name>.cinit:_EQEP</name>
         <load_address>0x18de6</load_address>
         <run_address>0x18de6</run_address>
         <size>0xb</size>
         <input_file_ref idref="fl-26"/>
      </object_component>
      <object_component id="oc-187">
         <name>.cinit:_SPI</name>
         <load_address>0x18df1</load_address>
         <run_address>0x18df1</run_address>
         <size>0xb</size>
         <input_file_ref idref="fl-26"/>
      </object_component>
      <object_component id="oc-1bb">
         <name>.cinit:_SDFM</name>
         <load_address>0x18dfc</load_address>
         <run_address>0x18dfc</run_address>
         <size>0x9</size>
         <input_file_ref idref="fl-26"/>
      </object_component>
      <object_component id="oc-27c">
         <name>.cinit:_init_commands</name>
         <load_address>0x18e05</load_address>
         <run_address>0x18e05</run_address>
         <size>0x8</size>
         <input_file_ref idref="fl-29"/>
      </object_component>
      <object_component id="oc-1a8">
         <name>.cinit:_I2C</name>
         <load_address>0x18e0d</load_address>
         <run_address>0x18e0d</run_address>
         <size>0x7</size>
         <input_file_ref idref="fl-26"/>
      </object_component>
      <object_component id="oc-1ac">
         <name>.cinit:_MCBSP</name>
         <load_address>0x18e14</load_address>
         <run_address>0x18e14</run_address>
         <size>0x7</size>
         <input_file_ref idref="fl-26"/>
      </object_component>
      <object_component id="oc-182">
         <name>.cinit:_SCI</name>
         <load_address>0x18e1b</load_address>
         <run_address>0x18e1b</run_address>
         <size>0x7</size>
         <input_file_ref idref="fl-26"/>
      </object_component>
      <object_component id="oc-255">
         <name>.cinit:__lock</name>
         <load_address>0x18e22</load_address>
         <run_address>0x18e22</run_address>
         <size>0x5</size>
         <input_file_ref idref="fl-4b"/>
      </object_component>
      <object_component id="oc-278">
         <name>.cinit:__unlock</name>
         <load_address>0x18e27</load_address>
         <run_address>0x18e27</run_address>
         <size>0x5</size>
         <input_file_ref idref="fl-4b"/>
      </object_component>
      <object_component id="oc-280">
         <name>.cinit:_clear</name>
         <load_address>0x18e2c</load_address>
         <run_address>0x18e2c</run_address>
         <size>0x5</size>
         <input_file_ref idref="fl-29"/>
      </object_component>
      <object_component id="oc-13b">
         <name>.cinit</name>
         <load_address>0x18e31</load_address>
         <run_address>0x18e31</run_address>
         <size>0x4</size>
         <input_file_ref idref="fl-24"/>
      </object_component>
      <object_component id="oc-27e">
         <name>.cinit:_newline</name>
         <load_address>0x18e35</load_address>
         <run_address>0x18e35</run_address>
         <size>0x4</size>
         <input_file_ref idref="fl-29"/>
      </object_component>
      <object_component id="oc-238">
         <name>.cinit</name>
         <load_address>0x18e39</load_address>
         <run_address>0x18e39</run_address>
         <size>0x4</size>
         <input_file_ref idref="fl-50"/>
      </object_component>
      <object_component id="oc-226">
         <name>.cinit</name>
         <load_address>0x18e3d</load_address>
         <run_address>0x18e3d</run_address>
         <size>0x4</size>
         <input_file_ref idref="fl-4d"/>
      </object_component>
      <object_component id="oc-1ec">
         <name>.reset</name>
         <load_address>0x3fffc0</load_address>
         <run_address>0x3fffc0</run_address>
         <size>0x2</size>
         <input_file_ref idref="fl-42"/>
      </object_component>
      <object_component id="oc-1eb">
         <name>.stack</name>
         <uninitialized>true</uninitialized>
         <run_address>0x400</run_address>
         <size>0x0</size>
         <input_file_ref idref="fl-42"/>
      </object_component>
      <object_component id="oc-313">
         <name>.stack</name>
         <uninitialized>true</uninitialized>
         <run_address>0x400</run_address>
         <size>0x0</size>
      </object_component>
      <object_component id="oc-87">
         <name>.ebss</name>
         <uninitialized>true</uninitialized>
         <run_address>0x15ec2</run_address>
         <size>0x14</size>
         <input_file_ref idref="fl-3"/>
      </object_component>
      <object_component id="oc-9d">
         <name>.ebss</name>
         <uninitialized>true</uninitialized>
         <run_address>0x16100</run_address>
         <size>0x4c</size>
         <input_file_ref idref="fl-7"/>
      </object_component>
      <object_component id="oc-264">
         <name>.ebss:_xBuffer_IN</name>
         <uninitialized>true</uninitialized>
         <run_address>0x12144</run_address>
         <size>0x18</size>
         <input_file_ref idref="fl-7"/>
      </object_component>
      <object_component id="oc-262">
         <name>.ebss:_yBuffer_IN</name>
         <uninitialized>true</uninitialized>
         <run_address>0x12984</run_address>
         <size>0x18</size>
         <input_file_ref idref="fl-7"/>
      </object_component>
      <object_component id="oc-26a">
         <name>.ebss:_xBuffer_OUT</name>
         <uninitialized>true</uninitialized>
         <run_address>0x1215c</run_address>
         <size>0x18</size>
         <input_file_ref idref="fl-7"/>
      </object_component>
      <object_component id="oc-268">
         <name>.ebss:_yBuffer_OUT</name>
         <uninitialized>true</uninitialized>
         <run_address>0x1299c</run_address>
         <size>0x18</size>
         <input_file_ref idref="fl-7"/>
      </object_component>
      <object_component id="oc-270">
         <name>.ebss:_unityRoots</name>
         <uninitialized>true</uninitialized>
         <run_address>0xde54</run_address>
         <size>0x20</size>
         <input_file_ref idref="fl-7"/>
      </object_component>
      <object_component id="oc-247">
         <name>.ebss:_audioIn</name>
         <uninitialized>true</uninitialized>
         <run_address>0x15f00</run_address>
         <size>0x100</size>
         <input_file_ref idref="fl-7"/>
      </object_component>
      <object_component id="oc-248">
         <name>.ebss:_audioOut</name>
         <uninitialized>true</uninitialized>
         <run_address>0x16000</run_address>
         <size>0x100</size>
         <input_file_ref idref="fl-7"/>
      </object_component>
      <object_component id="oc-276">
         <name>.ebss:_apbuf1</name>
         <uninitialized>true</uninitialized>
         <run_address>0x15d80</run_address>
         <size>0x142</size>
         <input_file_ref idref="fl-7"/>
      </object_component>
      <object_component id="oc-267">
         <name>.ebss:_soundData</name>
         <uninitialized>true</uninitialized>
         <run_address>0x15b80</run_address>
         <size>0x200</size>
         <input_file_ref idref="fl-7"/>
      </object_component>
      <object_component id="oc-275">
         <name>.ebss:_apbuf0</name>
         <uninitialized>true</uninitialized>
         <run_address>0x157c0</run_address>
         <size>0x3c0</size>
         <input_file_ref idref="fl-7"/>
      </object_component>
      <object_component id="oc-26f">
         <name>.ebss:_overlapAddBuffer</name>
         <uninitialized>true</uninitialized>
         <run_address>0x151c0</run_address>
         <size>0x600</size>
         <input_file_ref idref="fl-7"/>
      </object_component>
      <object_component id="oc-26c">
         <name>.ebss:_inputBlock</name>
         <uninitialized>true</uninitialized>
         <run_address>0x141c0</run_address>
         <size>0x800</size>
         <input_file_ref idref="fl-7"/>
      </object_component>
      <object_component id="oc-25a">
         <name>.ebss:_analysisWindow</name>
         <uninitialized>true</uninitialized>
         <run_address>0x139c0</run_address>
         <size>0x800</size>
         <input_file_ref idref="fl-7"/>
      </object_component>
      <object_component id="oc-25b">
         <name>.ebss:_synthesisWindow</name>
         <uninitialized>true</uninitialized>
         <run_address>0x149c0</run_address>
         <size>0x800</size>
         <input_file_ref idref="fl-7"/>
      </object_component>
      <object_component id="oc-25c">
         <name>.ebss:_RFFTF32Coef</name>
         <uninitialized>true</uninitialized>
         <run_address>0x131c0</run_address>
         <size>0x800</size>
         <input_file_ref idref="fl-7"/>
      </object_component>
      <object_component id="oc-25e">
         <name>.ebss:_CFFTF32Coef</name>
         <uninitialized>true</uninitialized>
         <run_address>0x129c0</run_address>
         <size>0x800</size>
         <input_file_ref idref="fl-7"/>
      </object_component>
      <object_component id="oc-26d">
         <name>.ebss:_inputSpectrum</name>
         <uninitialized>true</uninitialized>
         <run_address>0x12180</run_address>
         <size>0x804</size>
         <input_file_ref idref="fl-7"/>
      </object_component>
      <object_component id="oc-26e">
         <name>.ebss:_outputSpectrum</name>
         <uninitialized>true</uninitialized>
         <run_address>0x11140</run_address>
         <size>0x1004</size>
         <input_file_ref idref="fl-7"/>
      </object_component>
      <object_component id="oc-273">
         <name>.ebss:_cfbuf1</name>
         <uninitialized>true</uninitialized>
         <run_address>0xf9c0</run_address>
         <size>0x1758</size>
         <input_file_ref idref="fl-7"/>
      </object_component>
      <object_component id="oc-272">
         <name>.ebss:_cfbuf0</name>
         <uninitialized>true</uninitialized>
         <run_address>0xde80</run_address>
         <size>0x1b08</size>
         <input_file_ref idref="fl-7"/>
      </object_component>
      <object_component id="oc-274">
         <name>.ebss:_cfbuf2</name>
         <uninitialized>true</uninitialized>
         <run_address>0xc000</run_address>
         <size>0x1e54</size>
         <input_file_ref idref="fl-7"/>
      </object_component>
      <object_component id="oc-c2">
         <name>.ebss</name>
         <uninitialized>true</uninitialized>
         <run_address>0x11118</run_address>
         <size>0x18</size>
         <input_file_ref idref="fl-d"/>
      </object_component>
      <object_component id="oc-12b">
         <name>.ebss</name>
         <uninitialized>true</uninitialized>
         <run_address>0x15ed6</run_address>
         <size>0x6</size>
         <input_file_ref idref="fl-21"/>
      </object_component>
      <object_component id="oc-13c">
         <name>.ebss</name>
         <uninitialized>true</uninitialized>
         <run_address>0x15ef3</run_address>
         <size>0x1</size>
         <input_file_ref idref="fl-24"/>
      </object_component>
      <object_component id="oc-24e">
         <name>.ebss:_I2C</name>
         <uninitialized>true</uninitialized>
         <run_address>0x1217c</run_address>
         <size>0x4</size>
         <input_file_ref idref="fl-26"/>
      </object_component>
      <object_component id="oc-24f">
         <name>.ebss:_MCBSP</name>
         <uninitialized>true</uninitialized>
         <run_address>0x129bc</run_address>
         <size>0x4</size>
         <input_file_ref idref="fl-26"/>
      </object_component>
      <object_component id="oc-249">
         <name>.ebss:_SCI</name>
         <uninitialized>true</uninitialized>
         <run_address>0x15ef4</run_address>
         <size>0x4</size>
         <input_file_ref idref="fl-26"/>
      </object_component>
      <object_component id="oc-250">
         <name>.ebss:_SDFM</name>
         <uninitialized>true</uninitialized>
         <run_address>0x15edc</run_address>
         <size>0x6</size>
         <input_file_ref idref="fl-26"/>
      </object_component>
      <object_component id="oc-24d">
         <name>.ebss:_EQEP</name>
         <uninitialized>true</uninitialized>
         <run_address>0x12174</run_address>
         <size>0x8</size>
         <input_file_ref idref="fl-26"/>
      </object_component>
      <object_component id="oc-24a">
         <name>.ebss:_SPI</name>
         <uninitialized>true</uninitialized>
         <run_address>0x129b4</run_address>
         <size>0x8</size>
         <input_file_ref idref="fl-26"/>
      </object_component>
      <object_component id="oc-251">
         <name>.ebss:_ADC</name>
         <uninitialized>true</uninitialized>
         <run_address>0xde74</run_address>
         <size>0xa</size>
         <input_file_ref idref="fl-26"/>
      </object_component>
      <object_component id="oc-24b">
         <name>.ebss:_ECAP</name>
         <uninitialized>true</uninitialized>
         <run_address>0x11130</run_address>
         <size>0xe</size>
         <input_file_ref idref="fl-26"/>
      </object_component>
      <object_component id="oc-252">
         <name>.ebss:_EPWM</name>
         <uninitialized>true</uninitialized>
         <run_address>0xf9a6</run_address>
         <size>0x1a</size>
         <input_file_ref idref="fl-26"/>
      </object_component>
      <object_component id="oc-24c">
         <name>.ebss:_TRIP_SEL</name>
         <uninitialized>true</uninitialized>
         <run_address>0xf988</run_address>
         <size>0x1e</size>
         <input_file_ref idref="fl-26"/>
      </object_component>
      <object_component id="oc-27d">
         <name>.ebss:_newline</name>
         <uninitialized>true</uninitialized>
         <run_address>0x15efe</run_address>
         <size>0x1</size>
         <input_file_ref idref="fl-29"/>
      </object_component>
      <object_component id="oc-27f">
         <name>.ebss:_clear</name>
         <uninitialized>true</uninitialized>
         <run_address>0x15efc</run_address>
         <size>0x2</size>
         <input_file_ref idref="fl-29"/>
      </object_component>
      <object_component id="oc-27b">
         <name>.ebss:_init_commands</name>
         <uninitialized>true</uninitialized>
         <run_address>0x15eee</run_address>
         <size>0x5</size>
         <input_file_ref idref="fl-29"/>
      </object_component>
      <object_component id="oc-168">
         <name>.ebss</name>
         <uninitialized>true</uninitialized>
         <run_address>0x15ee2</run_address>
         <size>0x6</size>
         <input_file_ref idref="fl-2d"/>
      </object_component>
      <object_component id="oc-216">
         <name>.ebss</name>
         <uninitialized>true</uninitialized>
         <run_address>0x15ee8</run_address>
         <size>0x6</size>
         <input_file_ref idref="fl-4a"/>
      </object_component>
      <object_component id="oc-254">
         <name>.ebss:__lock</name>
         <uninitialized>true</uninitialized>
         <run_address>0xde7e</run_address>
         <size>0x2</size>
         <input_file_ref idref="fl-4b"/>
      </object_component>
      <object_component id="oc-285">
         <name>.ebss:__unlock</name>
         <uninitialized>true</uninitialized>
         <run_address>0x1113e</run_address>
         <size>0x2</size>
         <input_file_ref idref="fl-4b"/>
      </object_component>
      <object_component id="oc-227">
         <name>.ebss</name>
         <uninitialized>true</uninitialized>
         <run_address>0x15ef8</run_address>
         <size>0x4</size>
         <input_file_ref idref="fl-4d"/>
      </object_component>
      <object_component id="oc-239">
         <name>.ebss</name>
         <uninitialized>true</uninitialized>
         <run_address>0x15eff</run_address>
         <size>0x1</size>
         <input_file_ref idref="fl-50"/>
      </object_component>
      <object_component id="oc-279">
         <name>.econst:_PieVectTableInit</name>
         <load_address>0xac00</load_address>
         <run_address>0xac00</run_address>
         <size>0x1c0</size>
         <input_file_ref idref="fl-1d"/>
      </object_component>
      <object_component id="oc-266">
         <name>.econst:_coeffs</name>
         <load_address>0xadc0</load_address>
         <run_address>0xadc0</run_address>
         <size>0x48</size>
         <input_file_ref idref="fl-7"/>
      </object_component>
      <object_component id="oc-1db">
         <name>.econst</name>
         <load_address>0xae08</load_address>
         <run_address>0xae08</run_address>
         <size>0x32</size>
         <input_file_ref idref="fl-3f"/>
      </object_component>
      <object_component id="oc-a3">
         <name>.econst:.string</name>
         <load_address>0xae3a</load_address>
         <run_address>0xae3a</run_address>
         <size>0x18</size>
         <input_file_ref idref="fl-7"/>
      </object_component>
      <object_component id="oc-1e6">
         <name>.econst</name>
         <load_address>0xae52</load_address>
         <run_address>0xae52</run_address>
         <size>0x6</size>
         <input_file_ref idref="fl-41"/>
      </object_component>
      <object_component id="oc-271">
         <name>.econst:_HannCoefs</name>
         <load_address>0xae58</load_address>
         <run_address>0xae58</run_address>
         <size>0x4</size>
         <input_file_ref idref="fl-7"/>
      </object_component>
      <object_component id="oc-289">
         <name>.econst:_bp</name>
         <load_address>0xae5c</load_address>
         <run_address>0xae5c</run_address>
         <size>0x4</size>
         <input_file_ref idref="fl-3f"/>
      </object_component>
      <object_component id="oc-28b">
         <name>.econst:_dp_h</name>
         <load_address>0xae60</load_address>
         <run_address>0xae60</run_address>
         <size>0x4</size>
         <input_file_ref idref="fl-3f"/>
      </object_component>
      <object_component id="oc-28a">
         <name>.econst:_dp_l</name>
         <load_address>0xae64</load_address>
         <run_address>0xae64</run_address>
         <size>0x4</size>
         <input_file_ref idref="fl-3f"/>
      </object_component>
      <object_component id="oc-228">
         <name>.esysmem</name>
         <uninitialized>true</uninitialized>
         <run_address>0xa800</run_address>
         <size>0x4</size>
         <input_file_ref idref="fl-4d"/>
      </object_component>
      <object_component id="oc-314">
         <name>.esysmem</name>
         <uninitialized>true</uninitialized>
         <run_address>0xa800</run_address>
         <size>0x0</size>
      </object_component>
      <object_component id="oc-148">
         <name>.TI.ramfunc</name>
         <load_address>0x123</load_address>
         <run_address>0x123</run_address>
         <size>0x4</size>
         <input_file_ref idref="fl-27"/>
      </object_component>
      <object_component id="oc-ff">
         <name>PUTBUFFER</name>
         <uninitialized>true</uninitialized>
         <run_address>0x3fc00</run_address>
         <size>0x80</size>
         <input_file_ref idref="fl-18"/>
      </object_component>
      <object_component id="oc-fb">
         <name>PUTWRITEIDX</name>
         <uninitialized>true</uninitialized>
         <run_address>0x3fc80</run_address>
         <size>0x4</size>
         <input_file_ref idref="fl-18"/>
      </object_component>
      <object_component id="oc-fe">
         <name>GETREADIDX</name>
         <uninitialized>true</uninitialized>
         <run_address>0x3fc84</run_address>
         <size>0x4</size>
         <input_file_ref idref="fl-18"/>
      </object_component>
      <object_component id="oc-100">
         <name>GETBUFFER</name>
         <uninitialized>true</uninitialized>
         <run_address>0x3f800</run_address>
         <size>0x80</size>
         <input_file_ref idref="fl-18"/>
      </object_component>
      <object_component id="oc-fd">
         <name>GETWRITEIDX</name>
         <uninitialized>true</uninitialized>
         <run_address>0x3f880</run_address>
         <size>0x4</size>
         <input_file_ref idref="fl-18"/>
      </object_component>
      <object_component id="oc-fc">
         <name>PUTREADIDX</name>
         <uninitialized>true</uninitialized>
         <run_address>0x3f884</run_address>
         <size>0x4</size>
         <input_file_ref idref="fl-18"/>
      </object_component>
      <object_component id="oc-9e">
         <name>windowedInputBlock</name>
         <uninitialized>true</uninitialized>
         <run_address>0x9000</run_address>
         <size>0x800</size>
         <input_file_ref idref="fl-7"/>
      </object_component>
      <object_component id="oc-9f">
         <name>RFFToutBuff</name>
         <uninitialized>true</uninitialized>
         <run_address>0x1b000</run_address>
         <size>0x800</size>
         <input_file_ref idref="fl-7"/>
      </object_component>
      <object_component id="oc-a1">
         <name>CFFTinBuff</name>
         <uninitialized>true</uninitialized>
         <run_address>0x19000</run_address>
         <size>0x1000</size>
         <input_file_ref idref="fl-7"/>
      </object_component>
      <object_component id="oc-a0">
         <name>outputBlock</name>
         <uninitialized>true</uninitialized>
         <run_address>0x1a000</run_address>
         <size>0x1000</size>
         <input_file_ref idref="fl-7"/>
      </object_component>
      <object_component id="oc-1d8">
         <name>PieVectTableFile</name>
         <uninitialized>true</uninitialized>
         <run_address>0xd00</run_address>
         <size>0x1c0</size>
         <input_file_ref idref="fl-2e"/>
      </object_component>
      <object_component id="oc-16e">
         <name>EmuBModeVar</name>
         <uninitialized>true</uninitialized>
         <run_address>0xd00</run_address>
         <size>0x1</size>
         <input_file_ref idref="fl-2e"/>
      </object_component>
      <object_component id="oc-16f">
         <name>EmuBootPinsVar</name>
         <uninitialized>true</uninitialized>
         <run_address>0xd01</run_address>
         <size>0x1</size>
         <input_file_ref idref="fl-2e"/>
      </object_component>
      <object_component id="oc-18a">
         <name>AdcaResultFile</name>
         <uninitialized>true</uninitialized>
         <run_address>0xb00</run_address>
         <size>0x18</size>
         <input_file_ref idref="fl-2e"/>
      </object_component>
      <object_component id="oc-18b">
         <name>AdcbResultFile</name>
         <uninitialized>true</uninitialized>
         <run_address>0xb20</run_address>
         <size>0x18</size>
         <input_file_ref idref="fl-2e"/>
      </object_component>
      <object_component id="oc-18c">
         <name>AdccResultFile</name>
         <uninitialized>true</uninitialized>
         <run_address>0xb40</run_address>
         <size>0x18</size>
         <input_file_ref idref="fl-2e"/>
      </object_component>
      <object_component id="oc-18d">
         <name>AdcdResultFile</name>
         <uninitialized>true</uninitialized>
         <run_address>0xb60</run_address>
         <size>0x18</size>
         <input_file_ref idref="fl-2e"/>
      </object_component>
      <object_component id="oc-1bf">
         <name>AdcaRegsFile</name>
         <uninitialized>true</uninitialized>
         <run_address>0x7400</run_address>
         <size>0x7c</size>
         <input_file_ref idref="fl-2e"/>
      </object_component>
      <object_component id="oc-1c1">
         <name>AdcbRegsFile</name>
         <uninitialized>true</uninitialized>
         <run_address>0x7480</run_address>
         <size>0x7c</size>
         <input_file_ref idref="fl-2e"/>
      </object_component>
      <object_component id="oc-1c2">
         <name>AdccRegsFile</name>
         <uninitialized>true</uninitialized>
         <run_address>0x7500</run_address>
         <size>0x7c</size>
         <input_file_ref idref="fl-2e"/>
      </object_component>
      <object_component id="oc-1c3">
         <name>AdcdRegsFile</name>
         <uninitialized>true</uninitialized>
         <run_address>0x7580</run_address>
         <size>0x7c</size>
         <input_file_ref idref="fl-2e"/>
      </object_component>
      <object_component id="oc-1b6">
         <name>AnalogSubsysRegsFile</name>
         <uninitialized>true</uninitialized>
         <run_address>0x5d180</run_address>
         <size>0x3e</size>
         <input_file_ref idref="fl-2e"/>
      </object_component>
      <object_component id="oc-1d4">
         <name>CanaRegsFile</name>
         <uninitialized>true</uninitialized>
         <run_address>0x48000</run_address>
         <size>0x164</size>
         <input_file_ref idref="fl-2e"/>
      </object_component>
      <object_component id="oc-1d5">
         <name>CanbRegsFile</name>
         <uninitialized>true</uninitialized>
         <run_address>0x4a000</run_address>
         <size>0x164</size>
         <input_file_ref idref="fl-2e"/>
      </object_component>
      <object_component id="oc-1b7">
         <name>Cla1RegsFile</name>
         <uninitialized>true</uninitialized>
         <run_address>0x1400</run_address>
         <size>0x3e</size>
         <input_file_ref idref="fl-2e"/>
      </object_component>
      <object_component id="oc-173">
         <name>Cla1SoftIntRegsFile</name>
         <uninitialized>true</uninitialized>
         <run_address>0xce0</run_address>
         <size>0x3</size>
         <input_file_ref idref="fl-2e"/>
      </object_component>
      <object_component id="oc-197">
         <name>Cmpss1RegsFile</name>
         <uninitialized>true</uninitialized>
         <run_address>0x5c80</run_address>
         <size>0x1b</size>
         <input_file_ref idref="fl-2e"/>
      </object_component>
      <object_component id="oc-198">
         <name>Cmpss2RegsFile</name>
         <uninitialized>true</uninitialized>
         <run_address>0x5ca0</run_address>
         <size>0x1b</size>
         <input_file_ref idref="fl-2e"/>
      </object_component>
      <object_component id="oc-199">
         <name>Cmpss3RegsFile</name>
         <uninitialized>true</uninitialized>
         <run_address>0x5cc0</run_address>
         <size>0x1b</size>
         <input_file_ref idref="fl-2e"/>
      </object_component>
      <object_component id="oc-19a">
         <name>Cmpss4RegsFile</name>
         <uninitialized>true</uninitialized>
         <run_address>0x5ce0</run_address>
         <size>0x1b</size>
         <input_file_ref idref="fl-2e"/>
      </object_component>
      <object_component id="oc-19b">
         <name>Cmpss5RegsFile</name>
         <uninitialized>true</uninitialized>
         <run_address>0x5d00</run_address>
         <size>0x1b</size>
         <input_file_ref idref="fl-2e"/>
      </object_component>
      <object_component id="oc-19c">
         <name>Cmpss6RegsFile</name>
         <uninitialized>true</uninitialized>
         <run_address>0x5d20</run_address>
         <size>0x1b</size>
         <input_file_ref idref="fl-2e"/>
      </object_component>
      <object_component id="oc-19d">
         <name>Cmpss7RegsFile</name>
         <uninitialized>true</uninitialized>
         <run_address>0x5d40</run_address>
         <size>0x1b</size>
         <input_file_ref idref="fl-2e"/>
      </object_component>
      <object_component id="oc-19e">
         <name>Cmpss8RegsFile</name>
         <uninitialized>true</uninitialized>
         <run_address>0x5d60</run_address>
         <size>0x1b</size>
         <input_file_ref idref="fl-2e"/>
      </object_component>
      <object_component id="oc-17a">
         <name>CpuTimer0RegsFile</name>
         <uninitialized>true</uninitialized>
         <run_address>0xc00</run_address>
         <size>0x8</size>
         <input_file_ref idref="fl-2e"/>
      </object_component>
      <object_component id="oc-17b">
         <name>CpuTimer1RegsFile</name>
         <uninitialized>true</uninitialized>
         <run_address>0xc08</run_address>
         <size>0x8</size>
         <input_file_ref idref="fl-2e"/>
      </object_component>
      <object_component id="oc-17c">
         <name>CpuTimer2RegsFile</name>
         <uninitialized>true</uninitialized>
         <run_address>0xc10</run_address>
         <size>0x8</size>
         <input_file_ref idref="fl-2e"/>
      </object_component>
      <object_component id="oc-176">
         <name>DacaRegsFile</name>
         <uninitialized>true</uninitialized>
         <run_address>0x5c00</run_address>
         <size>0x7</size>
         <input_file_ref idref="fl-2e"/>
      </object_component>
      <object_component id="oc-177">
         <name>DacbRegsFile</name>
         <uninitialized>true</uninitialized>
         <run_address>0x5c10</run_address>
         <size>0x7</size>
         <input_file_ref idref="fl-2e"/>
      </object_component>
      <object_component id="oc-178">
         <name>DaccRegsFile</name>
         <uninitialized>true</uninitialized>
         <run_address>0x5c20</run_address>
         <size>0x7</size>
         <input_file_ref idref="fl-2e"/>
      </object_component>
      <object_component id="oc-1a1">
         <name>DcsmZ1RegsFile</name>
         <uninitialized>true</uninitialized>
         <run_address>0x5f000</run_address>
         <size>0x22</size>
         <input_file_ref idref="fl-2e"/>
      </object_component>
      <object_component id="oc-1a2">
         <name>DcsmZ2RegsFile</name>
         <uninitialized>true</uninitialized>
         <run_address>0x5f040</run_address>
         <size>0x22</size>
         <input_file_ref idref="fl-2e"/>
      </object_component>
      <object_component id="oc-174">
         <name>DcsmCommonRegsFile</name>
         <uninitialized>true</uninitialized>
         <run_address>0x5f070</run_address>
         <size>0x6</size>
         <input_file_ref idref="fl-2e"/>
      </object_component>
      <object_component id="oc-1c5">
         <name>DmaRegsFile</name>
         <uninitialized>true</uninitialized>
         <run_address>0x1000</run_address>
         <size>0xe0</size>
         <input_file_ref idref="fl-2e"/>
      </object_component>
      <object_component id="oc-18e">
         <name>DmaClaSrcSelRegsFile</name>
         <uninitialized>true</uninitialized>
         <run_address>0x7980</run_address>
         <size>0x1a</size>
         <input_file_ref idref="fl-2e"/>
      </object_component>
      <object_component id="oc-18f">
         <name>ECap1RegsFile</name>
         <uninitialized>true</uninitialized>
         <run_address>0x5000</run_address>
         <size>0x1a</size>
         <input_file_ref idref="fl-2e"/>
      </object_component>
      <object_component id="oc-191">
         <name>ECap2RegsFile</name>
         <uninitialized>true</uninitialized>
         <run_address>0x5020</run_address>
         <size>0x1a</size>
         <input_file_ref idref="fl-2e"/>
      </object_component>
      <object_component id="oc-192">
         <name>ECap3RegsFile</name>
         <uninitialized>true</uninitialized>
         <run_address>0x5040</run_address>
         <size>0x1a</size>
         <input_file_ref idref="fl-2e"/>
      </object_component>
      <object_component id="oc-193">
         <name>ECap4RegsFile</name>
         <uninitialized>true</uninitialized>
         <run_address>0x5060</run_address>
         <size>0x1a</size>
         <input_file_ref idref="fl-2e"/>
      </object_component>
      <object_component id="oc-194">
         <name>ECap5RegsFile</name>
         <uninitialized>true</uninitialized>
         <run_address>0x5080</run_address>
         <size>0x1a</size>
         <input_file_ref idref="fl-2e"/>
      </object_component>
      <object_component id="oc-195">
         <name>ECap6RegsFile</name>
         <uninitialized>true</uninitialized>
         <run_address>0x50a0</run_address>
         <size>0x1a</size>
         <input_file_ref idref="fl-2e"/>
      </object_component>
      <object_component id="oc-1ae">
         <name>Emif1RegsFile</name>
         <uninitialized>true</uninitialized>
         <run_address>0x47000</run_address>
         <size>0x28</size>
         <input_file_ref idref="fl-2e"/>
      </object_component>
      <object_component id="oc-1af">
         <name>Emif2RegsFile</name>
         <uninitialized>true</uninitialized>
         <run_address>0x47800</run_address>
         <size>0x28</size>
         <input_file_ref idref="fl-2e"/>
      </object_component>
      <object_component id="oc-1c6">
         <name>EPwm1RegsFile</name>
         <uninitialized>true</uninitialized>
         <run_address>0x4000</run_address>
         <size>0x100</size>
         <input_file_ref idref="fl-2e"/>
      </object_component>
      <object_component id="oc-1c8">
         <name>EPwm2RegsFile</name>
         <uninitialized>true</uninitialized>
         <run_address>0x4100</run_address>
         <size>0x100</size>
         <input_file_ref idref="fl-2e"/>
      </object_component>
      <object_component id="oc-1c9">
         <name>EPwm3RegsFile</name>
         <uninitialized>true</uninitialized>
         <run_address>0x4200</run_address>
         <size>0x100</size>
         <input_file_ref idref="fl-2e"/>
      </object_component>
      <object_component id="oc-1ca">
         <name>EPwm4RegsFile</name>
         <uninitialized>true</uninitialized>
         <run_address>0x4300</run_address>
         <size>0x100</size>
         <input_file_ref idref="fl-2e"/>
      </object_component>
      <object_component id="oc-1cb">
         <name>EPwm5RegsFile</name>
         <uninitialized>true</uninitialized>
         <run_address>0x4400</run_address>
         <size>0x100</size>
         <input_file_ref idref="fl-2e"/>
      </object_component>
      <object_component id="oc-1cc">
         <name>EPwm6RegsFile</name>
         <uninitialized>true</uninitialized>
         <run_address>0x4500</run_address>
         <size>0x100</size>
         <input_file_ref idref="fl-2e"/>
      </object_component>
      <object_component id="oc-1cd">
         <name>EPwm7RegsFile</name>
         <uninitialized>true</uninitialized>
         <run_address>0x4600</run_address>
         <size>0x100</size>
         <input_file_ref idref="fl-2e"/>
      </object_component>
      <object_component id="oc-1ce">
         <name>EPwm8RegsFile</name>
         <uninitialized>true</uninitialized>
         <run_address>0x4700</run_address>
         <size>0x100</size>
         <input_file_ref idref="fl-2e"/>
      </object_component>
      <object_component id="oc-1cf">
         <name>EPwm9RegsFile</name>
         <uninitialized>true</uninitialized>
         <run_address>0x4800</run_address>
         <size>0x100</size>
         <input_file_ref idref="fl-2e"/>
      </object_component>
      <object_component id="oc-1d0">
         <name>EPwm10RegsFile</name>
         <uninitialized>true</uninitialized>
         <run_address>0x4900</run_address>
         <size>0x100</size>
         <input_file_ref idref="fl-2e"/>
      </object_component>
      <object_component id="oc-1d1">
         <name>EPwm11RegsFile</name>
         <uninitialized>true</uninitialized>
         <run_address>0x4a00</run_address>
         <size>0x100</size>
         <input_file_ref idref="fl-2e"/>
      </object_component>
      <object_component id="oc-1d2">
         <name>EPwm12RegsFile</name>
         <uninitialized>true</uninitialized>
         <run_address>0x4b00</run_address>
         <size>0x100</size>
         <input_file_ref idref="fl-2e"/>
      </object_component>
      <object_component id="oc-1b8">
         <name>EPwmXbarRegsFile</name>
         <uninitialized>true</uninitialized>
         <run_address>0x7a00</run_address>
         <size>0x40</size>
         <input_file_ref idref="fl-2e"/>
      </object_component>
      <object_component id="oc-1a3">
         <name>EQep1RegsFile</name>
         <uninitialized>true</uninitialized>
         <run_address>0x5100</run_address>
         <size>0x22</size>
         <input_file_ref idref="fl-2e"/>
      </object_component>
      <object_component id="oc-1a5">
         <name>EQep2RegsFile</name>
         <uninitialized>true</uninitialized>
         <run_address>0x5140</run_address>
         <size>0x22</size>
         <input_file_ref idref="fl-2e"/>
      </object_component>
      <object_component id="oc-1a6">
         <name>EQep3RegsFile</name>
         <uninitialized>true</uninitialized>
         <run_address>0x5180</run_address>
         <size>0x22</size>
         <input_file_ref idref="fl-2e"/>
      </object_component>
      <object_component id="oc-1d7">
         <name>Flash0CtrlRegsFile</name>
         <uninitialized>true</uninitialized>
         <run_address>0x5f800</run_address>
         <size>0x182</size>
         <input_file_ref idref="fl-2e"/>
      </object_component>
      <object_component id="oc-1b0">
         <name>Flash0EccRegsFile</name>
         <uninitialized>true</uninitialized>
         <run_address>0x5fb00</run_address>
         <size>0x28</size>
         <input_file_ref idref="fl-2e"/>
      </object_component>
      <object_component id="oc-1d6">
         <name>GpioCtrlRegsFile</name>
         <uninitialized>true</uninitialized>
         <run_address>0x7c00</run_address>
         <size>0x180</size>
         <input_file_ref idref="fl-2e"/>
      </object_component>
      <object_component id="oc-1b3">
         <name>GpioDataRegsFile</name>
         <uninitialized>true</uninitialized>
         <run_address>0x7f00</run_address>
         <size>0x30</size>
         <input_file_ref idref="fl-2e"/>
      </object_component>
      <object_component id="oc-1b9">
         <name>OutputXbarRegsFile</name>
         <uninitialized>true</uninitialized>
         <run_address>0x7a80</run_address>
         <size>0x40</size>
         <input_file_ref idref="fl-2e"/>
      </object_component>
      <object_component id="oc-1a7">
         <name>I2caRegsFile</name>
         <uninitialized>true</uninitialized>
         <run_address>0x7300</run_address>
         <size>0x22</size>
         <input_file_ref idref="fl-2e"/>
      </object_component>
      <object_component id="oc-1a9">
         <name>I2cbRegsFile</name>
         <uninitialized>true</uninitialized>
         <run_address>0x7340</run_address>
         <size>0x22</size>
         <input_file_ref idref="fl-2e"/>
      </object_component>
      <object_component id="oc-19f">
         <name>InputXbarRegsFile</name>
         <uninitialized>true</uninitialized>
         <run_address>0x7900</run_address>
         <size>0x20</size>
         <input_file_ref idref="fl-2e"/>
      </object_component>
      <object_component id="oc-180">
         <name>XbarRegsFile</name>
         <uninitialized>true</uninitialized>
         <run_address>0x7920</run_address>
         <size>0xe</size>
         <input_file_ref idref="fl-2e"/>
      </object_component>
      <object_component id="oc-1aa">
         <name>IpcRegsFile</name>
         <uninitialized>true</uninitialized>
         <run_address>0x50000</run_address>
         <size>0x24</size>
         <input_file_ref idref="fl-2e"/>
      </object_component>
      <object_component id="oc-170">
         <name>FlashPumpSemaphoreRegsFile</name>
         <uninitialized>true</uninitialized>
         <run_address>0x50024</run_address>
         <size>0x2</size>
         <input_file_ref idref="fl-2e"/>
      </object_component>
      <object_component id="oc-171">
         <name>RomPrefetchRegsFile</name>
         <uninitialized>true</uninitialized>
         <run_address>0x5e608</run_address>
         <size>0x2</size>
         <input_file_ref idref="fl-2e"/>
      </object_component>
      <object_component id="oc-1be">
         <name>MemCfgRegsFile</name>
         <uninitialized>true</uninitialized>
         <run_address>0x5f400</run_address>
         <size>0x76</size>
         <input_file_ref idref="fl-2e"/>
      </object_component>
      <object_component id="oc-17d">
         <name>Emif1ConfigRegsFile</name>
         <uninitialized>true</uninitialized>
         <run_address>0x5f480</run_address>
         <size>0xa</size>
         <input_file_ref idref="fl-2e"/>
      </object_component>
      <object_component id="oc-17e">
         <name>Emif2ConfigRegsFile</name>
         <uninitialized>true</uninitialized>
         <run_address>0x5f4a0</run_address>
         <size>0xa</size>
         <input_file_ref idref="fl-2e"/>
      </object_component>
      <object_component id="oc-1b2">
         <name>AccessProtectionRegsFile</name>
         <uninitialized>true</uninitialized>
         <run_address>0x5f4c0</run_address>
         <size>0x2e</size>
         <input_file_ref idref="fl-2e"/>
      </object_component>
      <object_component id="oc-1b5">
         <name>MemoryErrorRegsFile</name>
         <uninitialized>true</uninitialized>
         <run_address>0x5f500</run_address>
         <size>0x3a</size>
         <input_file_ref idref="fl-2e"/>
      </object_component>
      <object_component id="oc-172">
         <name>RomWaitStateRegsFile</name>
         <uninitialized>true</uninitialized>
         <run_address>0x5f540</run_address>
         <size>0x2</size>
         <input_file_ref idref="fl-2e"/>
      </object_component>
      <object_component id="oc-1ab">
         <name>McbspaRegsFile</name>
         <uninitialized>true</uninitialized>
         <run_address>0x6000</run_address>
         <size>0x24</size>
         <input_file_ref idref="fl-2e"/>
      </object_component>
      <object_component id="oc-1ad">
         <name>McbspbRegsFile</name>
         <uninitialized>true</uninitialized>
         <run_address>0x6040</run_address>
         <size>0x24</size>
         <input_file_ref idref="fl-2e"/>
      </object_component>
      <object_component id="oc-1bd">
         <name>UppRegsFile</name>
         <uninitialized>true</uninitialized>
         <run_address>0x6200</run_address>
         <size>0x48</size>
         <input_file_ref idref="fl-2e"/>
      </object_component>
      <object_component id="oc-179">
         <name>NmiIntruptRegsFile</name>
         <uninitialized>true</uninitialized>
         <run_address>0x7060</run_address>
         <size>0x7</size>
         <input_file_ref idref="fl-2e"/>
      </object_component>
      <object_component id="oc-196">
         <name>PieCtrlRegsFile</name>
         <uninitialized>true</uninitialized>
         <run_address>0xce0</run_address>
         <size>0x1a</size>
         <input_file_ref idref="fl-2e"/>
      </object_component>
      <object_component id="oc-181">
         <name>SciaRegsFile</name>
         <uninitialized>true</uninitialized>
         <run_address>0x7200</run_address>
         <size>0x10</size>
         <input_file_ref idref="fl-2e"/>
      </object_component>
      <object_component id="oc-183">
         <name>ScibRegsFile</name>
         <uninitialized>true</uninitialized>
         <run_address>0x7210</run_address>
         <size>0x10</size>
         <input_file_ref idref="fl-2e"/>
      </object_component>
      <object_component id="oc-184">
         <name>ScicRegsFile</name>
         <uninitialized>true</uninitialized>
         <run_address>0x7220</run_address>
         <size>0x10</size>
         <input_file_ref idref="fl-2e"/>
      </object_component>
      <object_component id="oc-185">
         <name>ScidRegsFile</name>
         <uninitialized>true</uninitialized>
         <run_address>0x7230</run_address>
         <size>0x10</size>
         <input_file_ref idref="fl-2e"/>
      </object_component>
      <object_component id="oc-1ba">
         <name>Sdfm1RegsFile</name>
         <uninitialized>true</uninitialized>
         <run_address>0x5e00</run_address>
         <size>0x48</size>
         <input_file_ref idref="fl-2e"/>
      </object_component>
      <object_component id="oc-1bc">
         <name>Sdfm2RegsFile</name>
         <uninitialized>true</uninitialized>
         <run_address>0x5e80</run_address>
         <size>0x48</size>
         <input_file_ref idref="fl-2e"/>
      </object_component>
      <object_component id="oc-186">
         <name>SpiaRegsFile</name>
         <uninitialized>true</uninitialized>
         <run_address>0x6100</run_address>
         <size>0x10</size>
         <input_file_ref idref="fl-2e"/>
      </object_component>
      <object_component id="oc-188">
         <name>SpibRegsFile</name>
         <uninitialized>true</uninitialized>
         <run_address>0x6110</run_address>
         <size>0x10</size>
         <input_file_ref idref="fl-2e"/>
      </object_component>
      <object_component id="oc-189">
         <name>SpicRegsFile</name>
         <uninitialized>true</uninitialized>
         <run_address>0x6120</run_address>
         <size>0x10</size>
         <input_file_ref idref="fl-2e"/>
      </object_component>
      <object_component id="oc-1d3">
         <name>DevCfgRegsFile</name>
         <uninitialized>true</uninitialized>
         <run_address>0x5d000</run_address>
         <size>0x12e</size>
         <input_file_ref idref="fl-2e"/>
      </object_component>
      <object_component id="oc-1b4">
         <name>ClkCfgRegsFile</name>
         <uninitialized>true</uninitialized>
         <run_address>0x5d200</run_address>
         <size>0x32</size>
         <input_file_ref idref="fl-2e"/>
      </object_component>
      <object_component id="oc-1c4">
         <name>CpuSysRegsFile</name>
         <uninitialized>true</uninitialized>
         <run_address>0x5d300</run_address>
         <size>0x82</size>
         <input_file_ref idref="fl-2e"/>
      </object_component>
      <object_component id="oc-175">
         <name>SyncSocRegsFile</name>
         <uninitialized>true</uninitialized>
         <run_address>0x7940</run_address>
         <size>0x6</size>
         <input_file_ref idref="fl-2e"/>
      </object_component>
      <object_component id="oc-1b1">
         <name>WdRegsFile</name>
         <uninitialized>true</uninitialized>
         <run_address>0x7000</run_address>
         <size>0x2b</size>
         <input_file_ref idref="fl-2e"/>
      </object_component>
      <object_component id="oc-17f">
         <name>XintRegsFile</name>
         <uninitialized>true</uninitialized>
         <run_address>0x7070</run_address>
         <size>0xb</size>
         <input_file_ref idref="fl-2e"/>
      </object_component>
      <object_component id="oc-81">
         <name>.debug_info</name>
         <load_address>0x0</load_address>
         <run_address>0x0</run_address>
         <size>0x6a6</size>
         <input_file_ref idref="fl-2"/>
      </object_component>
      <object_component id="oc-89">
         <name>.debug_info</name>
         <load_address>0x6a6</load_address>
         <run_address>0x6a6</run_address>
         <size>0x1d4</size>
         <input_file_ref idref="fl-3"/>
      </object_component>
      <object_component id="oc-8e">
         <name>.debug_info</name>
         <load_address>0x87a</load_address>
         <run_address>0x87a</run_address>
         <size>0x1bd</size>
         <input_file_ref idref="fl-4"/>
      </object_component>
      <object_component id="oc-93">
         <name>.debug_info</name>
         <load_address>0xa37</load_address>
         <run_address>0xa37</run_address>
         <size>0x127</size>
         <input_file_ref idref="fl-5"/>
      </object_component>
      <object_component id="oc-96">
         <name>.debug_info</name>
         <load_address>0xb5e</load_address>
         <run_address>0xb5e</run_address>
         <size>0x795</size>
         <input_file_ref idref="fl-6"/>
      </object_component>
      <object_component id="oc-9b">
         <name>.debug_info</name>
         <load_address>0x12f3</load_address>
         <run_address>0x12f3</run_address>
         <size>0xa16c</size>
         <input_file_ref idref="fl-7"/>
      </object_component>
      <object_component id="oc-a8">
         <name>.debug_info</name>
         <load_address>0xb45f</load_address>
         <run_address>0xb45f</run_address>
         <size>0xa8f</size>
         <input_file_ref idref="fl-8"/>
      </object_component>
      <object_component id="oc-ad">
         <name>.debug_info</name>
         <load_address>0xbeee</load_address>
         <run_address>0xbeee</run_address>
         <size>0x114a1</size>
         <input_file_ref idref="fl-9"/>
      </object_component>
      <object_component id="oc-b2">
         <name>.debug_info</name>
         <load_address>0x1d38f</load_address>
         <run_address>0x1d38f</run_address>
         <size>0x67d</size>
         <input_file_ref idref="fl-a"/>
      </object_component>
      <object_component id="oc-b7">
         <name>.debug_info</name>
         <load_address>0x1da0c</load_address>
         <run_address>0x1da0c</run_address>
         <size>0x4734</size>
         <input_file_ref idref="fl-b"/>
      </object_component>
      <object_component id="oc-be">
         <name>.debug_info</name>
         <load_address>0x22140</load_address>
         <run_address>0x22140</run_address>
         <size>0x135</size>
         <input_file_ref idref="fl-c"/>
      </object_component>
      <object_component id="oc-c1">
         <name>.debug_info</name>
         <load_address>0x22275</load_address>
         <run_address>0x22275</run_address>
         <size>0x858</size>
         <input_file_ref idref="fl-d"/>
      </object_component>
      <object_component id="oc-c9">
         <name>.debug_info</name>
         <load_address>0x22acd</load_address>
         <run_address>0x22acd</run_address>
         <size>0x12d</size>
         <input_file_ref idref="fl-e"/>
      </object_component>
      <object_component id="oc-cc">
         <name>.debug_info</name>
         <load_address>0x22bfa</load_address>
         <run_address>0x22bfa</run_address>
         <size>0x3cc7</size>
         <input_file_ref idref="fl-f"/>
      </object_component>
      <object_component id="oc-d2">
         <name>.debug_info</name>
         <load_address>0x268c1</load_address>
         <run_address>0x268c1</run_address>
         <size>0x4751</size>
         <input_file_ref idref="fl-10"/>
      </object_component>
      <object_component id="oc-d7">
         <name>.debug_info</name>
         <load_address>0x2b012</load_address>
         <run_address>0x2b012</run_address>
         <size>0x13e79</size>
         <input_file_ref idref="fl-11"/>
      </object_component>
      <object_component id="oc-dc">
         <name>.debug_info</name>
         <load_address>0x3ee8b</load_address>
         <run_address>0x3ee8b</run_address>
         <size>0xf407</size>
         <input_file_ref idref="fl-12"/>
      </object_component>
      <object_component id="oc-e1">
         <name>.debug_info</name>
         <load_address>0x4e292</load_address>
         <run_address>0x4e292</run_address>
         <size>0xf407</size>
         <input_file_ref idref="fl-13"/>
      </object_component>
      <object_component id="oc-e6">
         <name>.debug_info</name>
         <load_address>0x5d699</load_address>
         <run_address>0x5d699</run_address>
         <size>0x556b</size>
         <input_file_ref idref="fl-14"/>
      </object_component>
      <object_component id="oc-eb">
         <name>.debug_info</name>
         <load_address>0x62c04</load_address>
         <run_address>0x62c04</run_address>
         <size>0x1a05c</size>
         <input_file_ref idref="fl-15"/>
      </object_component>
      <object_component id="oc-f0">
         <name>.debug_info</name>
         <load_address>0x7cc60</load_address>
         <run_address>0x7cc60</run_address>
         <size>0xf406</size>
         <input_file_ref idref="fl-16"/>
      </object_component>
      <object_component id="oc-f5">
         <name>.debug_info</name>
         <load_address>0x8c066</load_address>
         <run_address>0x8c066</run_address>
         <size>0x1663</size>
         <input_file_ref idref="fl-17"/>
      </object_component>
      <object_component id="oc-fa">
         <name>.debug_info</name>
         <load_address>0x8d6c9</load_address>
         <run_address>0x8d6c9</run_address>
         <size>0x19e4</size>
         <input_file_ref idref="fl-18"/>
      </object_component>
      <object_component id="oc-105">
         <name>.debug_info</name>
         <load_address>0x8f0ad</load_address>
         <run_address>0x8f0ad</run_address>
         <size>0x4902</size>
         <input_file_ref idref="fl-19"/>
      </object_component>
      <object_component id="oc-10a">
         <name>.debug_info</name>
         <load_address>0x939af</load_address>
         <run_address>0x939af</run_address>
         <size>0x17d87</size>
         <input_file_ref idref="fl-1a"/>
      </object_component>
      <object_component id="oc-10f">
         <name>.debug_info</name>
         <load_address>0xab736</load_address>
         <run_address>0xab736</run_address>
         <size>0x10ca9</size>
         <input_file_ref idref="fl-1b"/>
      </object_component>
      <object_component id="oc-114">
         <name>.debug_info</name>
         <load_address>0xbc3df</load_address>
         <run_address>0xbc3df</run_address>
         <size>0x359e</size>
         <input_file_ref idref="fl-1c"/>
      </object_component>
      <object_component id="oc-119">
         <name>.debug_info</name>
         <load_address>0xbf97d</load_address>
         <run_address>0xbf97d</run_address>
         <size>0x6756</size>
         <input_file_ref idref="fl-1d"/>
      </object_component>
      <object_component id="oc-11e">
         <name>.debug_info</name>
         <load_address>0xc60d3</load_address>
         <run_address>0xc60d3</run_address>
         <size>0x1be</size>
         <input_file_ref idref="fl-1e"/>
      </object_component>
      <object_component id="oc-120">
         <name>.debug_info</name>
         <load_address>0xc6291</load_address>
         <run_address>0xc6291</run_address>
         <size>0xfcee</size>
         <input_file_ref idref="fl-1f"/>
      </object_component>
      <object_component id="oc-125">
         <name>.debug_info</name>
         <load_address>0xd5f7f</load_address>
[...]
         <object_component_ref idref="oc-1a2"/>
      </symbol>
      <symbol id="sm-8af">
         <name>_EPwm4Regs</name>
         <value>0x4300</value>
         <object_component_ref idref="oc-1ca"/>
      </symbol>
      <symbol id="sm-8b0">
         <name>_FlashPumpSemaphoreRegs</name>
         <value>0x50024</value>
         <object_component_ref idref="oc-170"/>
      </symbol>
      <symbol id="sm-8b1">
         <name>_ECap5Regs</name>
         <value>0x5080</value>
         <object_component_ref idref="oc-194"/>
      </symbol>
      <symbol id="sm-8b2">
         <name>_I2cbRegs</name>
         <value>0x7340</value>
         <object_component_ref idref="oc-1a9"/>
      </symbol>
      <symbol id="sm-8b3">
         <name>_CpuTimer1Regs</name>
         <value>0xc08</value>
         <object_component_ref idref="oc-17b"/>
      </symbol>
      <symbol id="sm-8b4">
         <name>_RomPrefetchRegs</name>
         <value>0x5e608</value>
         <object_component_ref idref="oc-171"/>
      </symbol>
      <symbol id="sm-8b5">
         <name>_Cmpss4Regs</name>
         <value>0x5ce0</value>
         <object_component_ref idref="oc-19a"/>
      </symbol>
      <symbol id="sm-8b6">
         <name>_EPwm5Regs</name>
         <value>0x4400</value>
         <object_component_ref idref="oc-1cb"/>
      </symbol>
      <symbol id="sm-8b7">
         <name>_UppRegs</name>
         <value>0x6200</value>
         <object_component_ref idref="oc-1bd"/>
      </symbol>
      <symbol id="sm-8b8">
         <name>_SpiaRegs</name>
         <value>0x6100</value>
         <object_component_ref idref="oc-186"/>
      </symbol>
      <symbol id="sm-8b9">
         <name>_CpuSysRegs</name>
         <value>0x5d300</value>
         <object_component_ref idref="oc-1c4"/>
      </symbol>
      <symbol id="sm-8ba">
         <name>_Cla1SoftIntRegs</name>
         <value>0xce0</value>
         <object_component_ref idref="oc-173"/>
      </symbol>
      <symbol id="sm-8bb">
         <name>_CanbRegs</name>
         <value>0x4a000</value>
         <object_component_ref idref="oc-1d5"/>
      </symbol>
      <symbol id="sm-8bc">
         <name>_ECap6Regs</name>
         <value>0x50a0</value>
         <object_component_ref idref="oc-195"/>
      </symbol>
      <symbol id="sm-8bd">
         <name>_DmaRegs</name>
         <value>0x1000</value>
         <object_component_ref idref="oc-1c5"/>
      </symbol>
      <symbol id="sm-8be">
         <name>_EmuBootPins</name>
         <value>0xd01</value>
         <object_component_ref idref="oc-16f"/>
      </symbol>
      <symbol id="sm-8bf">
         <name>_XintRegs</name>
         <value>0x7070</value>
         <object_component_ref idref="oc-17f"/>
      </symbol>
      <symbol id="sm-8c0">
         <name>_CpuTimer0Regs</name>
         <value>0xc00</value>
         <object_component_ref idref="oc-17a"/>
      </symbol>
      <symbol id="sm-8c1">
         <name>_Cmpss5Regs</name>
         <value>0x5d00</value>
         <object_component_ref idref="oc-19b"/>
      </symbol>
      <symbol id="sm-8c2">
         <name>_Emif1Regs</name>
         <value>0x47000</value>
         <object_component_ref idref="oc-1ae"/>
      </symbol>
      <symbol id="sm-8c3">
         <name>_AccessProtectionRegs</name>
         <value>0x5f4c0</value>
         <object_component_ref idref="oc-1b2"/>
      </symbol>
      <symbol id="sm-8c4">
         <name>_MemCfgRegs</name>
         <value>0x5f400</value>
         <object_component_ref idref="oc-1be"/>
      </symbol>
      <symbol id="sm-8c5">
         <name>_DacaRegs</name>
         <value>0x5c00</value>
         <object_component_ref idref="oc-176"/>
      </symbol>
      <symbol id="sm-8c6">
         <name>_McbspbRegs</name>
         <value>0x6040</value>
         <object_component_ref idref="oc-1ad"/>
      </symbol>
      <symbol id="sm-8c7">
         <name>_EPwm6Regs</name>
         <value>0x4500</value>
         <object_component_ref idref="oc-1cc"/>
      </symbol>
      <symbol id="sm-8c8">
         <name>_AdcaRegs</name>
         <value>0x7400</value>
         <object_component_ref idref="oc-1bf"/>
      </symbol>
      <symbol id="sm-8c9">
         <name>_SciaRegs</name>
         <value>0x7200</value>
         <object_component_ref idref="oc-181"/>
      </symbol>
      <symbol id="sm-8ca">
         <name>_EPwm11Regs</name>
         <value>0x4a00</value>
         <object_component_ref idref="oc-1d1"/>
      </symbol>
      <symbol id="sm-8cb">
         <name>_GpioDataRegs</name>
         <value>0x7f00</value>
         <object_component_ref idref="oc-1b3"/>
      </symbol>
      <symbol id="sm-8cc">
         <name>_Sdfm1Regs</name>
         <value>0x5e00</value>
         <object_component_ref idref="oc-1ba"/>
      </symbol>
      <symbol id="sm-8cd">
         <name>_Cmpss2Regs</name>
         <value>0x5ca0</value>
         <object_component_ref idref="oc-198"/>
      </symbol>
      <symbol id="sm-8ce">
         <name>_Emif2Regs</name>
         <value>0x47800</value>
         <object_component_ref idref="oc-1af"/>
      </symbol>
      <symbol id="sm-8cf">
         <name>_DcsmZ1Regs</name>
         <value>0x5f000</value>
         <object_component_ref idref="oc-1a1"/>
      </symbol>
      <symbol id="sm-8d0">
         <name>_Flash0CtrlRegs</name>
         <value>0x5f800</value>
         <object_component_ref idref="oc-1d7"/>
      </symbol>
      <symbol id="sm-8d1">
         <name>_EPwm7Regs</name>
         <value>0x4600</value>
         <object_component_ref idref="oc-1cd"/>
      </symbol>
      <symbol id="sm-8d2">
         <name>_SpicRegs</name>
         <value>0x6120</value>
         <object_component_ref idref="oc-189"/>
      </symbol>
      <symbol id="sm-8d3">
         <name>_EPwm10Regs</name>
         <value>0x4900</value>
         <object_component_ref idref="oc-1d0"/>
      </symbol>
      <symbol id="sm-8d4">
         <name>_CpuTimer2Regs</name>
         <value>0xc10</value>
         <object_component_ref idref="oc-17c"/>
      </symbol>
      <symbol id="sm-8d5">
         <name>_DmaClaSrcSelRegs</name>
         <value>0x7980</value>
         <object_component_ref idref="oc-18e"/>
      </symbol>
      <symbol id="sm-8d6">
         <name>_AnalogSubsysRegs</name>
         <value>0x5d180</value>
         <object_component_ref idref="oc-1b6"/>
      </symbol>
      <symbol id="sm-8d7">
         <name>_Cmpss3Regs</name>
         <value>0x5cc0</value>
         <object_component_ref idref="oc-199"/>
      </symbol>
      <symbol id="sm-8d8">
         <name>_DaccRegs</name>
         <value>0x5c20</value>
         <object_component_ref idref="oc-178"/>
      </symbol>
      <symbol id="sm-8d9">
         <name>_PieCtrlRegs</name>
         <value>0xce0</value>
         <object_component_ref idref="oc-196"/>
      </symbol>
      <symbol id="sm-8da">
         <name>_DevCfgRegs</name>
         <value>0x5d000</value>
         <object_component_ref idref="oc-1d3"/>
      </symbol>
      <symbol id="sm-8db">
         <name>_SpibRegs</name>
         <value>0x6110</value>
         <object_component_ref idref="oc-188"/>
      </symbol>
      <symbol id="sm-8dc">
         <name>_AdccRegs</name>
         <value>0x7500</value>
         <object_component_ref idref="oc-1c2"/>
      </symbol>
      <symbol id="sm-8dd">
         <name>_ScicRegs</name>
         <value>0x7220</value>
         <object_component_ref idref="oc-184"/>
      </symbol>
      <symbol id="sm-8de">
         <name>_ECap1Regs</name>
         <value>0x5000</value>
         <object_component_ref idref="oc-18f"/>
      </symbol>
      <symbol id="sm-8df">
         <name>_OutputXbarRegs</name>
         <value>0x7a80</value>
         <object_component_ref idref="oc-1b9"/>
      </symbol>
      <symbol id="sm-8e0">
         <name>_MemoryErrorRegs</name>
         <value>0x5f500</value>
         <object_component_ref idref="oc-1b5"/>
      </symbol>
      <symbol id="sm-8e1">
         <name>_Cla1Regs</name>
         <value>0x1400</value>
         <object_component_ref idref="oc-1b7"/>
      </symbol>
      <symbol id="sm-8e2">
         <name>_EQep1Regs</name>
         <value>0x5100</value>
         <object_component_ref idref="oc-1a3"/>
      </symbol>
      <symbol id="sm-8e3">
         <name>_DacbRegs</name>
         <value>0x5c10</value>
         <object_component_ref idref="oc-177"/>
      </symbol>
      <symbol id="sm-8e4">
         <name>_McbspaRegs</name>
         <value>0x6000</value>
         <object_component_ref idref="oc-1ab"/>
      </symbol>
      <symbol id="sm-8e5">
         <name>_EPwm1Regs</name>
         <value>0x4000</value>
         <object_component_ref idref="oc-1c6"/>
      </symbol>
      <symbol id="sm-8e6">
         <name>_AdcbRegs</name>
         <value>0x7480</value>
         <object_component_ref idref="oc-1c1"/>
      </symbol>
      <symbol id="sm-8e7">
         <name>_ScibRegs</name>
         <value>0x7210</value>
         <object_component_ref idref="oc-183"/>
      </symbol>
      <symbol id="sm-8e8">
         <name>_AdcaResultRegs</name>
         <value>0xb00</value>
         <object_component_ref idref="oc-18a"/>
      </symbol>
      <symbol id="sm-8e9">
         <name>_ECap2Regs</name>
         <value>0x5020</value>
         <object_component_ref idref="oc-191"/>
      </symbol>
      <symbol id="sm-8ea">
         <name>_EPwm12Regs</name>
         <value>0x4b00</value>
         <object_component_ref idref="oc-1d2"/>
      </symbol>
      <symbol id="sm-8eb">
         <name>_AdcbResultRegs</name>
         <value>0xb20</value>
         <object_component_ref idref="oc-18b"/>
      </symbol>
      <symbol id="sm-8ec">
         <name>_AdccResultRegs</name>
         <value>0xb40</value>
         <object_component_ref idref="oc-18c"/>
      </symbol>
      <symbol id="sm-8ed">
         <name>_Emif1ConfigRegs</name>
         <value>0x5f480</value>
         <object_component_ref idref="oc-17d"/>
      </symbol>
      <symbol id="sm-8ee">
         <name>_Sdfm2Regs</name>
         <value>0x5e80</value>
         <object_component_ref idref="oc-1bc"/>
      </symbol>
      <symbol id="sm-8ef">
         <name>_AdcdResultRegs</name>
         <value>0xb60</value>
         <object_component_ref idref="oc-18d"/>
      </symbol>
      <symbol id="sm-8f0">
         <name>_EQep2Regs</name>
         <value>0x5140</value>
         <object_component_ref idref="oc-1a5"/>
      </symbol>
      <symbol id="sm-8f1">
         <name>_Cmpss1Regs</name>
         <value>0x5c80</value>
         <object_component_ref idref="oc-197"/>
      </symbol>
      <symbol id="sm-8f2">
         <name>_EPwm8Regs</name>
         <value>0x4700</value>
         <object_component_ref idref="oc-1ce"/>
      </symbol>
      <symbol id="sm-8f3">
         <name>_Emif2ConfigRegs</name>
         <value>0x5f4a0</value>
         <object_component_ref idref="oc-17e"/>
      </symbol>
      <symbol id="sm-8f4">
         <name>_DcsmCommonRegs</name>
         <value>0x5f070</value>
         <object_component_ref idref="oc-174"/>
      </symbol>
      <symbol id="sm-8f5">
         <name>_EPwm2Regs</name>
         <value>0x4100</value>
         <object_component_ref idref="oc-1c8"/>
      </symbol>
      <symbol id="sm-8f6">
         <name>_ECap3Regs</name>
         <value>0x5040</value>
         <object_component_ref idref="oc-192"/>
      </symbol>
      <symbol id="sm-8f7">
         <name>_Cmpss8Regs</name>
         <value>0x5d60</value>
         <object_component_ref idref="oc-19e"/>
      </symbol>
      <symbol id="sm-8f8">
         <name>_EQep3Regs</name>
         <value>0x5180</value>
         <object_component_ref idref="oc-1a6"/>
      </symbol>
      <symbol id="sm-8f9">
         <name>_SyncSocRegs</name>
         <value>0x7940</value>
         <object_component_ref idref="oc-175"/>
      </symbol>
      <symbol id="sm-8fa">
         <name>_EPwm9Regs</name>
         <value>0x4800</value>
         <object_component_ref idref="oc-1cf"/>
      </symbol>
      <symbol id="sm-8fb">
         <name>_NmiIntruptRegs</name>
         <value>0x7060</value>
         <object_component_ref idref="oc-179"/>
      </symbol>
      <symbol id="sm-8fc">
         <name>_EPwm3Regs</name>
         <value>0x4200</value>
         <object_component_ref idref="oc-1c9"/>
      </symbol>
      <symbol id="sm-8fd">
         <name>_I2caRegs</name>
         <value>0x7300</value>
         <object_component_ref idref="oc-1a7"/>
      </symbol>
      <symbol id="sm-955">
         <name>_powf</name>
         <value>0x176aa</value>
         <object_component_ref idref="oc-286"/>
      </symbol>
      <symbol id="sm-957">
         <name>_pow</name>
         <value>0x176aa</value>
         <object_component_ref idref="oc-286"/>
      </symbol>
      <symbol id="sm-967">
         <name>_sqrtf</name>
         <value>0x18b6c</value>
         <object_component_ref idref="oc-288"/>
      </symbol>
      <symbol id="sm-969">
         <name>_sqrt</name>
         <value>0x18b6c</value>
         <object_component_ref idref="oc-288"/>
      </symbol>
      <symbol id="sm-981">
         <name>_scalbn</name>
         <value>0x1898d</value>
         <object_component_ref idref="oc-28c"/>
      </symbol>
      <symbol id="sm-982">
         <name>_ldexp</name>
         <value>0x1898d</value>
         <object_component_ref idref="oc-28c"/>
      </symbol>
      <symbol id="sm-983">
         <name>_scalbnf</name>
         <value>0x1898d</value>
         <object_component_ref idref="oc-28c"/>
      </symbol>
      <symbol id="sm-985">
         <name>_ldexpf</name>
         <value>0x1898d</value>
         <object_component_ref idref="oc-28c"/>
      </symbol>
      <symbol id="sm-9a0">
         <name>_c_int00</name>
         <value>0x189e5</value>
         <object_component_ref idref="oc-80"/>
      </symbol>
      <symbol id="sm-9a1">
         <name>__stack</name>
         <value>0x400</value>
         <object_component_ref idref="oc-1eb"/>
      </symbol>
      <symbol id="sm-9b2">
         <name>FS$$DIV</name>
         <value>0x18882</value>
         <object_component_ref idref="oc-1f1"/>
      </symbol>
      <symbol id="sm-9be">
         <name>LL$$AND</name>
         <value>0x18c1c</value>
         <object_component_ref idref="oc-1f6"/>
      </symbol>
      <symbol id="sm-9bf">
         <name>LL$$OR</name>
         <value>0x18c24</value>
         <object_component_ref idref="oc-1f6"/>
      </symbol>
      <symbol id="sm-9c0">
         <name>LL$$XOR</name>
         <value>0x18c2c</value>
         <object_component_ref idref="oc-1f6"/>
      </symbol>
      <symbol id="sm-9ce">
         <name>I$$MOD</name>
         <value>0x18bee</value>
         <object_component_ref idref="oc-1fb"/>
      </symbol>
      <symbol id="sm-9cf">
         <name>I$$DIV</name>
         <value>0x18bdd</value>
         <object_component_ref idref="oc-1fb"/>
      </symbol>
      <symbol id="sm-9de">
         <name>_copy_in</name>
         <value>0x18bb9</value>
         <object_component_ref idref="oc-241"/>
      </symbol>
      <symbol id="sm-9f0">
         <name>_memcpy</name>
         <value>0x18bff</value>
         <object_component_ref idref="oc-253"/>
      </symbol>
      <symbol id="sm-9fd">
         <name>__system_pre_init</name>
         <value>0x18c72</value>
         <object_component_ref idref="oc-240"/>
      </symbol>
      <symbol id="sm-a0b">
         <name>__system_post_cinit</name>
         <value>0x1825b</value>
         <object_component_ref idref="oc-242"/>
      </symbol>
      <symbol id="sm-a20">
         <name>C$$EXIT</name>
         <value>0x18b1a</value>
         <object_component_ref idref="oc-244"/>
      </symbol>
      <symbol id="sm-a21">
         <name>_exit</name>
         <value>0x18b1c</value>
         <object_component_ref idref="oc-244"/>
      </symbol>
      <symbol id="sm-a23">
         <name>___TI_cleanup_ptr</name>
         <value>0x15eea</value>
         <object_component_ref idref="oc-216"/>
      </symbol>
      <symbol id="sm-a24">
         <name>___TI_enable_exit_profile_output</name>
         <value>0x15ee8</value>
         <object_component_ref idref="oc-216"/>
      </symbol>
      <symbol id="sm-a25">
         <name>_abort</name>
         <value>0x18b1a</value>
         <object_component_ref idref="oc-244"/>
      </symbol>
      <symbol id="sm-a27">
         <name>___TI_dtors_ptr</name>
         <value>0x15eec</value>
         <object_component_ref idref="oc-216"/>
      </symbol>
      <symbol id="sm-a3b">
         <name>__unlock</name>
         <value>0x1113e</value>
         <object_component_ref idref="oc-285"/>
      </symbol>
      <symbol id="sm-a3c">
         <name>__lock</name>
         <value>0xde7e</value>
         <object_component_ref idref="oc-254"/>
      </symbol>
      <symbol id="sm-a3d">
         <name>__register_lock</name>
         <value>0x18c5b</value>
         <object_component_ref idref="oc-277"/>
      </symbol>
      <symbol id="sm-a3f">
         <name>__nop</name>
         <value>0x18c5f</value>
         <object_component_ref idref="oc-277"/>
      </symbol>
      <symbol id="sm-a41">
         <name>__register_unlock</name>
         <value>0x18c57</value>
         <object_component_ref idref="oc-277"/>
      </symbol>
      <symbol id="sm-a51">
         <name>__args_main</name>
         <value>0x18c34</value>
         <object_component_ref idref="oc-243"/>
      </symbol>
      <symbol id="sm-aaf">
         <name>__sys_memory</name>
         <value>0xa800</value>
         <object_component_ref idref="oc-228"/>
      </symbol>
      <symbol id="sm-ab0">
         <name>___TI_heap_total_available</name>
         <value>0x17c63</value>
         <object_component_ref idref="oc-283"/>
      </symbol>
      <symbol id="sm-ab2">
         <name>_realloc</name>
         <value>0x17b08</value>
         <object_component_ref idref="oc-283"/>
      </symbol>
      <symbol id="sm-ab4">
         <name>___TI_heap_check</name>
         <value>0x17c9d</value>
         <object_component_ref idref="oc-283"/>
      </symbol>
      <symbol id="sm-ab6">
         <name>_free</name>
         <value>0x17a3e</value>
         <object_component_ref idref="oc-283"/>
      </symbol>
      <symbol id="sm-ab8">
         <name>_memalign</name>
         <value>0x17bbd</value>
         <object_component_ref idref="oc-283"/>
      </symbol>
      <symbol id="sm-ab9">
         <name>_calloc</name>
         <value>0x17b90</value>
         <object_component_ref idref="oc-283"/>
      </symbol>
      <symbol id="sm-abb">
         <name>_malloc</name>
         <value>0x17a13</value>
         <object_component_ref idref="oc-283"/>
      </symbol>
      <symbol id="sm-abd">
         <name>_aligned_alloc</name>
         <value>0x17bbd</value>
         <object_component_ref idref="oc-283"/>
      </symbol>
      <symbol id="sm-abf">
         <name>_minit</name>
         <value>0x17b8c</value>
         <object_component_ref idref="oc-283"/>
      </symbol>
      <symbol id="sm-ac1">
         <name>___TI_heap_largest_available</name>
         <value>0x17c80</value>
         <object_component_ref idref="oc-283"/>
      </symbol>
      <symbol id="sm-ad0">
         <name>_memset</name>
         <value>0x18c68</value>
         <object_component_ref idref="oc-287"/>
      </symbol>
      <symbol id="sm-ade">
         <name>_strlen</name>
         <value>0x18c60</value>
         <object_component_ref idref="oc-282"/>
      </symbol>
      <symbol id="sm-ae9">
         <name>_errno</name>
         <value>0x15eff</value>
         <object_component_ref idref="oc-239"/>
      </symbol>
      <symbol id="sm-af5">
         <name>_copysignf</name>
         <value>0x18c46</value>
         <object_component_ref idref="oc-28d"/>
      </symbol>
      <symbol id="sm-af7">
         <name>_copysign</name>
         <value>0x18c46</value>
         <object_component_ref idref="oc-28d"/>
      </symbol>
   </symbol_table>
   <title>Link successful</title>
</link_info>
