******************************************************************************
             TMS320C2000 Linker PC v20.2.2                     
******************************************************************************
>> Linked Sun Jan 10 09:28:42 2021

OUTPUT FILE NAME:   <Final Project.out>
ENTRY POINT SYMBOL: "_c_int00"  address: 000189e5


MEMORY CONFIGURATION

         name            origin    length      used     unused   attr    fill
----------------------  --------  ---------  --------  --------  ----  --------
PAGE 0:
  BEGIN                 00000000   00000002  00000002  00000000  RWIX
  RAMM0                 00000123   000002dd  00000004  000002d9  RWIX
  RAMD0                 0000b000   00000800  00000000  00000800  RWIX
  RESET                 003fffc0   00000002  00000000  00000002  RWIX

PAGE 1:
  BOOT_RSVD             00000002   00000121  00000000  00000121  RWIX
  RAMM1                 00000400   000003f8  00000200  000001f8  RWIX
  ADCA_RESULT           00000b00   00000020  00000018  00000008  RWIX
  ADCB_RESULT           00000b20   00000020  00000018  00000008  RWIX
  ADCC_RESULT           00000b40   00000020  00000018  00000008  RWIX
  ADCD_RESULT           00000b60   00000020  00000018  00000008  RWIX
  CPU_TIMER0            00000c00   00000008  00000008  00000000  RWIX
  CPU_TIMER1            00000c08   00000008  00000008  00000000  RWIX
  CPU_TIMER2            00000c10   00000008  00000008  00000000  RWIX
  PIE_CTRL              00000ce0   00000020  0000001a  00000006  RWIX
  PIE_VECT              00000d00   00000200  000001c0  00000040  RWIX
  DMA                   00001000   00000200  000000e0  00000120  RWIX
  CLA1                  00001400   00000040  0000003e  00000002  RWIX
  EPWM1                 00004000   00000100  00000100  00000000  RWIX
  EPWM2                 00004100   00000100  00000100  00000000  RWIX
  EPWM3                 00004200   00000100  00000100  00000000  RWIX
  EPWM4                 00004300   00000100  00000100  00000000  RWIX
  EPWM5                 00004400   00000100  00000100  00000000  RWIX
  EPWM6                 00004500   00000100  00000100  00000000  RWIX
  EPWM7                 00004600   00000100  00000100  00000000  RWIX
  EPWM8                 00004700   00000100  00000100  00000000  RWIX
  EPWM9                 00004800   00000100  00000100  00000000  RWIX
  EPWM10                00004900   00000100  00000100  00000000  RWIX
  EPWM11                00004a00   00000100  00000100  00000000  RWIX
  EPWM12                00004b00   00000100  00000100  00000000  RWIX
  ECAP1                 00005000   00000020  0000001a  00000006  RWIX
  ECAP2                 00005020   00000020  0000001a  00000006  RWIX
  ECAP3                 00005040   00000020  0000001a  00000006  RWIX
  ECAP4                 00005060   00000020  0000001a  00000006  RWIX
  ECAP5                 00005080   00000020  0000001a  00000006  RWIX
  ECAP6                 000050a0   00000020  0000001a  00000006  RWIX
  EQEP1                 00005100   00000040  00000022  0000001e  RWIX
  EQEP2                 00005140   00000040  00000022  0000001e  RWIX
  EQEP3                 00005180   00000040  00000022  0000001e  RWIX
  DACA                  00005c00   00000010  00000007  00000009  RWIX
  DACB                  00005c10   00000010  00000007  00000009  RWIX
  DACC                  00005c20   00000010  00000007  00000009  RWIX
  CMPSS1                00005c80   00000020  0000001b  00000005  RWIX
  CMPSS2                00005ca0   00000020  0000001b  00000005  RWIX
  CMPSS3                00005cc0   00000020  0000001b  00000005  RWIX
  CMPSS4                00005ce0   00000020  0000001b  00000005  RWIX
  CMPSS5                00005d00   00000020  0000001b  00000005  RWIX
  CMPSS6                00005d20   00000020  0000001b  00000005  RWIX
  CMPSS7                00005d40   00000020  0000001b  00000005  RWIX
  CMPSS8                00005d60   00000020  0000001b  00000005  RWIX
  SDFM1                 00005e00   00000080  00000048  00000038  RWIX
  SDFM2                 00005e80   00000080  00000048  00000038  RWIX
  MCBSPA                00006000   00000040  00000024  0000001c  RWIX
  MCBSPB                00006040   00000040  00000024  0000001c  RWIX
  SPIA                  00006100   00000010  00000010  00000000  RWIX
  SPIB                  00006110   00000010  00000010  00000000  RWIX
  SPIC                  00006120   00000010  00000010  00000000  RWIX
  SPID                  00006130   00000010  00000000  00000010  RWIX
  UPP                   00006200   00000100  00000048  000000b8  RWIX
  WD                    00007000   00000040  0000002b  00000015  RWIX
  NMIINTRUPT            00007060   00000010  00000007  00000009  RWIX
  XINT                  00007070   00000010  0000000b  00000005  RWIX
  SCIA                  00007200   00000010  00000010  00000000  RWIX
  SCIB                  00007210   00000010  00000010  00000000  RWIX
  SCIC                  00007220   00000010  00000010  00000000  RWIX
  SCID                  00007230   00000010  00000010  00000000  RWIX
  I2CA                  00007300   00000040  00000022  0000001e  RWIX
  I2CB                  00007340   00000040  00000022  0000001e  RWIX
  ADCA                  00007400   00000080  0000007c  00000004  RWIX
  ADCB                  00007480   00000080  0000007c  00000004  RWIX
  ADCC                  00007500   00000080  0000007c  00000004  RWIX
  ADCD                  00007580   00000080  0000007c  00000004  RWIX
  INPUT_XBAR            00007900   00000020  00000020  00000000  RWIX
  XBAR                  00007920   00000020  0000000e  00000012  RWIX
  SYNC_SOC              00007940   00000010  00000006  0000000a  RWIX
  DMACLASRCSEL          00007980   00000040  0000001a  00000026  RWIX
  EPWM_XBAR             00007a00   00000040  00000040  00000000  RWIX
  CLB_XBAR              00007a40   00000040  00000000  00000040  RWIX
  OUTPUT_XBAR           00007a80   00000040  00000040  00000000  RWIX
  GPIOCTRL              00007c00   00000180  00000180  00000000  RWIX
  GPIODAT               00007f00   00000030  00000030  00000000  RWIX
  RAMLS0                00008000   00000800  00000000  00000800  RWIX
  RAMLS1                00008800   00000800  00000000  00000800  RWIX
  RAMLS2                00009000   00000800  00000800  00000000  RWIX
  RAMLS3                00009800   00000800  00000000  00000800  RWIX
  RAMLS4                0000a000   00000800  00000000  00000800  RWIX
  RAMLS5                0000a800   00000800  00000668  00000198  RWIX
  RAMD1                 0000b800   00000800  00000000  00000800  RWIX
  RAMGS                 0000c000   0000fff8  0000f643  000009b5  RWIX
  CPU2TOCPU1RAM         0003f800   00000400  00000000  00000400  RWIX
  CPU1TOCPU2RAM         0003fc00   00000400  00000088  00000378  RWIX
  EMIF1                 00047000   00000800  00000028  000007d8  RWIX
  EMIF2                 00047800   00000800  00000028  000007d8  RWIX
  CANA                  00048000   00000800  00000164  0000069c  RWIX
  EXTRA2                00049000   00001000  00000000  00001000  RWIX
  CANB                  0004a000   00000800  00000164  0000069c  RWIX
  IPC                   00050000   00000024  00000024  00000000  RWIX
  FLASHPUMPSEMAPHORE    00050024   00000002  00000002  00000000  RWIX
  DEV_CFG               0005d000   00000180  0000012e  00000052  RWIX
  ANALOG_SUBSYS         0005d180   00000080  0000003e  00000042  RWIX
  CLK_CFG               0005d200   00000100  00000032  000000ce  RWIX
  CPU_SYS               0005d300   00000100  00000082  0000007e  RWIX
  ROMPREFETCH           0005e608   00000002  00000002  00000000  RWIX
  DCSM_Z1               0005f000   00000030  00000022  0000000e  RWIX
  DCSM_Z2               0005f040   00000030  00000022  0000000e  RWIX
  DCSM_COMMON           0005f070   00000010  00000006  0000000a  RWIX
  MEMCFG                0005f400   00000080  00000076  0000000a  RWIX
  EMIF1CONFIG           0005f480   00000020  0000000a  00000016  RWIX
  EMIF2CONFIG           0005f4a0   00000020  0000000a  00000016  RWIX
  ACCESSPROTECTION      0005f4c0   00000040  0000002e  00000012  RWIX
  MEMORYERROR           0005f500   00000040  0000003a  00000006  RWIX
  ROMWAITSTATE          0005f540   00000002  00000002  00000000  RWIX
  FLASH0_CTRL           0005f800   00000300  00000182  0000017e  RWIX
  FLASH0_ECC            0005fb00   00000040  00000028  00000018  RWIX


SECTION ALLOCATION MAP

 output                                  attributes/
section   page    origin      length       input sections
--------  ----  ----------  ----------   ----------------
codestart 
*          0    00000000    00000002     
                  00000000    00000002     F2837xD_CodeStartBranch.obj (codestart)

.text      1    0001614c    00002b28     
                  0001614c    00000b2f     main4.obj (.text)
                  00016c7b    00000585     F2837xD_DefaultISR.obj (.text:retain)
                  00017200    000004aa     F2837xD_SysCtrl.obj (.text)
                  000176aa    00000369     rts2800_fpu32.lib : e_powf.c.obj (.text)
                  00017a13    0000028c                       : memory.c.obj (.text)
                  00017c9f    00000244     F2837xD_Gpio.obj (.text)
                  00017ee3    000001c0     Codec_Driver.obj (.text)
                  000180a3    000001b8     F2837xD_Mcbsp.obj (.text)
                  0001825b    00000001     rts2800_fpu32.lib : startup.c.obj (.text)
                  0001825c    00000179     ICFFT_f32.obj (.text)
                  000183d5    0000012f     main4.obj (.text:retain)
                  00018504    0000012a     LCD_Driver.obj (.text)
                  0001862e    0000011d     RFFT_f32.obj (.text)
                  0001874b    000000a0     OneToOneI2CDriver.obj (.text)
                  000187eb    00000097     Custom_Utils.obj (.text)
                  00018882    00000088     rts2800_fpu32.lib : fs_div28.asm.obj (.text)
                  0001890a    00000083     RFFT_f32_sincostable.obj (.text)
                  0001898d    00000058     rts2800_fpu32.lib : s_scalbnf.c.obj (.text)
                  000189e5    00000056                       : boot28.asm.obj (.text)
                  00018a3b    0000004f     CFFT_f32_sincostable.obj (.text)
                  00018a8a    0000004e     RFFT_f32_mag_TMU0.obj (.text)
                  00018ad8    00000042     AIC23.obj (.text)
                  00018b1a    00000029     rts2800_fpu32.lib : exit.c.obj (.text)
                  00018b43    00000028     F2837xD_PieCtrl.obj (.text)
                  00018b6b    00000001     --HOLE-- [fill = 0]
                  00018b6c    00000027     rts2800_fpu32.lib : e_sqrtf.c.obj (.text)
                  00018b93    00000026     F2837xD_PieVect.obj (.text)
                  00018bb9    00000024     rts2800_fpu32.lib : cpy_tbl.c.obj (.text)
                  00018bdd    00000022                       : i_div28.asm.obj (.text)
                  00018bff    0000001d                       : memcpy.c.obj (.text)
                  00018c1c    00000018                       : ll_aox28.asm.obj (.text)
                  00018c34    00000012                       : args_main.c.obj (.text)
                  00018c46    00000011                       : s_copysignf.c.obj (.text)
                  00018c57    00000009                       : _lock.c.obj (.text)
                  00018c60    00000008                       : strlen.c.obj (.text)
                  00018c68    00000007                       : memset.c.obj (.text)
                  00018c6f    00000003     F2837xD_DBGIER.obj (.text)
                  00018c72    00000002     rts2800_fpu32.lib : pre_init.c.obj (.text)

.cinit     1    00018c74    000001cf     
                  00018c74    0000008d     main4.obj (.cinit)
                  00018d01    00000021     F2837xD_struct.obj (.cinit:_TRIP_SEL)
                  00018d22    0000001d     F2837xD_struct.obj (.cinit:_EPWM)
                  00018d3f    0000001b     main4.obj (.cinit:_xBuffer_IN)
                  00018d5a    0000001b     main4.obj (.cinit:_xBuffer_OUT)
                  00018d75    0000001b     main4.obj (.cinit:_yBuffer_IN)
                  00018d90    0000001b     main4.obj (.cinit:_yBuffer_OUT)
                  00018dab    00000011     F2837xD_struct.obj (.cinit:_ECAP)
                  00018dbc    0000000f     device.obj (.cinit)
                  00018dcb    0000000e     rts2800_fpu32.lib : exit.c.obj (.cinit)
                  00018dd9    0000000d     F2837xD_struct.obj (.cinit:_ADC)
                  00018de6    0000000b     F2837xD_struct.obj (.cinit:_EQEP)
                  00018df1    0000000b     F2837xD_struct.obj (.cinit:_SPI)
                  00018dfc    00000009     F2837xD_struct.obj (.cinit:_SDFM)
                  00018e05    00000008     LCD_Driver.obj (.cinit:_init_commands)
                  00018e0d    00000007     F2837xD_struct.obj (.cinit:_I2C)
                  00018e14    00000007     F2837xD_struct.obj (.cinit:_MCBSP)
                  00018e1b    00000007     F2837xD_struct.obj (.cinit:_SCI)
                  00018e22    00000005     rts2800_fpu32.lib : _lock.c.obj (.cinit:__lock)
                  00018e27    00000005                       : _lock.c.obj (.cinit:__unlock)
                  00018e2c    00000005     LCD_Driver.obj (.cinit:_clear)
                  00018e31    00000004     F2837xD_sci_io.obj (.cinit)
                  00018e35    00000004     LCD_Driver.obj (.cinit:_newline)
                  00018e39    00000004     rts2800_fpu32.lib : errno.c.obj (.cinit)
                  00018e3d    00000004                       : memory.c.obj (.cinit)
                  00018e41    00000002     --HOLE-- [fill = 0]

.reset     0    003fffc0    00000002     DSECT
                  003fffc0    00000002     rts2800_fpu32.lib : boot28.asm.obj (.reset)

.TI.ramfunc 
*          0    00000123    00000004     
                  00000123    00000004     F2837xD_usDelay.obj (.TI.ramfunc)

.stack     1    00000400    00000200     UNINITIALIZED
                  00000400    00000200     --HOLE--

.pinit     0    00000123    00000000     UNINITIALIZED

AdcaResultFile 
*          1    00000b00    00000018     UNINITIALIZED
                  00000b00    00000018     F2837xD_GlobalVariableDefs.obj (AdcaResultFile)

AdcbResultFile 
*          1    00000b20    00000018     UNINITIALIZED
                  00000b20    00000018     F2837xD_GlobalVariableDefs.obj (AdcbResultFile)

AdccResultFile 
*          1    00000b40    00000018     UNINITIALIZED
                  00000b40    00000018     F2837xD_GlobalVariableDefs.obj (AdccResultFile)

AdcdResultFile 
*          1    00000b60    00000018     UNINITIALIZED
                  00000b60    00000018     F2837xD_GlobalVariableDefs.obj (AdcdResultFile)

CpuTimer0RegsFile 
*          1    00000c00    00000008     UNINITIALIZED
                  00000c00    00000008     F2837xD_GlobalVariableDefs.obj (CpuTimer0RegsFile)

CpuTimer1RegsFile 
*          1    00000c08    00000008     UNINITIALIZED
                  00000c08    00000008     F2837xD_GlobalVariableDefs.obj (CpuTimer1RegsFile)

CpuTimer2RegsFile 
*          1    00000c10    00000008     UNINITIALIZED
                  00000c10    00000008     F2837xD_GlobalVariableDefs.obj (CpuTimer2RegsFile)

PieCtrlRegsFile 
*          1    00000ce0    0000001a     UNINITIALIZED
                  00000ce0    0000001a     F2837xD_GlobalVariableDefs.obj (PieCtrlRegsFile)

PieVectTableFile 
*          1    00000d00    000001c0     UNINITIALIZED
                  00000d00    000001c0     F2837xD_GlobalVariableDefs.obj (PieVectTableFile)

EmuBModeVar 
*          1    00000d00    00000001     UNINITIALIZED
                  00000d00    00000001     F2837xD_GlobalVariableDefs.obj (EmuBModeVar)

EmuBootPinsVar 
*          1    00000d01    00000001     UNINITIALIZED
                  00000d01    00000001     F2837xD_GlobalVariableDefs.obj (EmuBootPinsVar)

DmaRegsFile 
*          1    00001000    000000e0     UNINITIALIZED
                  00001000    000000e0     F2837xD_GlobalVariableDefs.obj (DmaRegsFile)

Cla1RegsFile 
*          1    00001400    0000003e     UNINITIALIZED
                  00001400    0000003e     F2837xD_GlobalVariableDefs.obj (Cla1RegsFile)

EPwm1RegsFile 
*          1    00004000    00000100     UNINITIALIZED
                  00004000    00000100     F2837xD_GlobalVariableDefs.obj (EPwm1RegsFile)

EPwm2RegsFile 
*          1    00004100    00000100     UNINITIALIZED
                  00004100    00000100     F2837xD_GlobalVariableDefs.obj (EPwm2RegsFile)

EPwm3RegsFile 
*          1    00004200    00000100     UNINITIALIZED
                  00004200    00000100     F2837xD_GlobalVariableDefs.obj (EPwm3RegsFile)

EPwm4RegsFile 
*          1    00004300    00000100     UNINITIALIZED
                  00004300    00000100     F2837xD_GlobalVariableDefs.obj (EPwm4RegsFile)

EPwm5RegsFile 
*          1    00004400    00000100     UNINITIALIZED
                  00004400    00000100     F2837xD_GlobalVariableDefs.obj (EPwm5RegsFile)

EPwm6RegsFile 
*          1    00004500    00000100     UNINITIALIZED
                  00004500    00000100     F2837xD_GlobalVariableDefs.obj (EPwm6RegsFile)

EPwm7RegsFile 
*          1    00004600    00000100     UNINITIALIZED
                  00004600    00000100     F2837xD_GlobalVariableDefs.obj (EPwm7RegsFile)

EPwm8RegsFile 
*          1    00004700    00000100     UNINITIALIZED
                  00004700    00000100     F2837xD_GlobalVariableDefs.obj (EPwm8RegsFile)

EPwm9RegsFile 
*          1    00004800    00000100     UNINITIALIZED
                  00004800    00000100     F2837xD_GlobalVariableDefs.obj (EPwm9RegsFile)

EPwm10RegsFile 
*          1    00004900    00000100     UNINITIALIZED
                  00004900    00000100     F2837xD_GlobalVariableDefs.obj (EPwm10RegsFile)

EPwm11RegsFile 
*          1    00004a00    00000100     UNINITIALIZED
                  00004a00    00000100     F2837xD_GlobalVariableDefs.obj (EPwm11RegsFile)

EPwm12RegsFile 
*          1    00004b00    00000100     UNINITIALIZED
                  00004b00    00000100     F2837xD_GlobalVariableDefs.obj (EPwm12RegsFile)

ECap1RegsFile 
*          1    00005000    0000001a     UNINITIALIZED
                  00005000    0000001a     F2837xD_GlobalVariableDefs.obj (ECap1RegsFile)

ECap2RegsFile 
*          1    00005020    0000001a     UNINITIALIZED
                  00005020    0000001a     F2837xD_GlobalVariableDefs.obj (ECap2RegsFile)

ECap3RegsFile 
*          1    00005040    0000001a     UNINITIALIZED
                  00005040    0000001a     F2837xD_GlobalVariableDefs.obj (ECap3RegsFile)

ECap4RegsFile 
*          1    00005060    0000001a     UNINITIALIZED
                  00005060    0000001a     F2837xD_GlobalVariableDefs.obj (ECap4RegsFile)

ECap5RegsFile 
*          1    00005080    0000001a     UNINITIALIZED
                  00005080    0000001a     F2837xD_GlobalVariableDefs.obj (ECap5RegsFile)

ECap6RegsFile 
*          1    000050a0    0000001a     UNINITIALIZED
                  000050a0    0000001a     F2837xD_GlobalVariableDefs.obj (ECap6RegsFile)

EQep1RegsFile 
*          1    00005100    00000022     UNINITIALIZED
                  00005100    00000022     F2837xD_GlobalVariableDefs.obj (EQep1RegsFile)

EQep2RegsFile 
*          1    00005140    00000022     UNINITIALIZED
                  00005140    00000022     F2837xD_GlobalVariableDefs.obj (EQep2RegsFile)

EQep3RegsFile 
*          1    00005180    00000022     UNINITIALIZED
                  00005180    00000022     F2837xD_GlobalVariableDefs.obj (EQep3RegsFile)

DacaRegsFile 
*          1    00005c00    00000007     UNINITIALIZED
                  00005c00    00000007     F2837xD_GlobalVariableDefs.obj (DacaRegsFile)

DacbRegsFile 
*          1    00005c10    00000007     UNINITIALIZED
                  00005c10    00000007     F2837xD_GlobalVariableDefs.obj (DacbRegsFile)

DaccRegsFile 
*          1    00005c20    00000007     UNINITIALIZED
                  00005c20    00000007     F2837xD_GlobalVariableDefs.obj (DaccRegsFile)

Sdfm1RegsFile 
*          1    00005e00    00000048     UNINITIALIZED
                  00005e00    00000048     F2837xD_GlobalVariableDefs.obj (Sdfm1RegsFile)

Sdfm2RegsFile 
*          1    00005e80    00000048     UNINITIALIZED
                  00005e80    00000048     F2837xD_GlobalVariableDefs.obj (Sdfm2RegsFile)

McbspaRegsFile 
*          1    00006000    00000024     UNINITIALIZED
                  00006000    00000024     F2837xD_GlobalVariableDefs.obj (McbspaRegsFile)

McbspbRegsFile 
*          1    00006040    00000024     UNINITIALIZED
                  00006040    00000024     F2837xD_GlobalVariableDefs.obj (McbspbRegsFile)

SpiaRegsFile 
*          1    00006100    00000010     UNINITIALIZED
                  00006100    00000010     F2837xD_GlobalVariableDefs.obj (SpiaRegsFile)

SpibRegsFile 
*          1    00006110    00000010     UNINITIALIZED
                  00006110    00000010     F2837xD_GlobalVariableDefs.obj (SpibRegsFile)

SpicRegsFile 
*          1    00006120    00000010     UNINITIALIZED
                  00006120    00000010     F2837xD_GlobalVariableDefs.obj (SpicRegsFile)

UppRegsFile 
*          1    00006200    00000048     UNINITIALIZED
                  00006200    00000048     F2837xD_GlobalVariableDefs.obj (UppRegsFile)

WdRegsFile 
*          1    00007000    0000002b     UNINITIALIZED
                  00007000    0000002b     F2837xD_GlobalVariableDefs.obj (WdRegsFile)

NmiIntruptRegsFile 
*          1    00007060    00000007     UNINITIALIZED
                  00007060    00000007     F2837xD_GlobalVariableDefs.obj (NmiIntruptRegsFile)

XintRegsFile 
*          1    00007070    0000000b     UNINITIALIZED
                  00007070    0000000b     F2837xD_GlobalVariableDefs.obj (XintRegsFile)

SciaRegsFile 
*          1    00007200    00000010     UNINITIALIZED
                  00007200    00000010     F2837xD_GlobalVariableDefs.obj (SciaRegsFile)

ScibRegsFile 
*          1    00007210    00000010     UNINITIALIZED
                  00007210    00000010     F2837xD_GlobalVariableDefs.obj (ScibRegsFile)

ScicRegsFile 
*          1    00007220    00000010     UNINITIALIZED
                  00007220    00000010     F2837xD_GlobalVariableDefs.obj (ScicRegsFile)

ScidRegsFile 
*          1    00007230    00000010     UNINITIALIZED
                  00007230    00000010     F2837xD_GlobalVariableDefs.obj (ScidRegsFile)

I2caRegsFile 
*          1    00007300    00000022     UNINITIALIZED
                  00007300    00000022     F2837xD_GlobalVariableDefs.obj (I2caRegsFile)

I2cbRegsFile 
*          1    00007340    00000022     UNINITIALIZED
                  00007340    00000022     F2837xD_GlobalVariableDefs.obj (I2cbRegsFile)

AdcaRegsFile 
*          1    00007400    0000007c     UNINITIALIZED
                  00007400    0000007c     F2837xD_GlobalVariableDefs.obj (AdcaRegsFile)

AdcbRegsFile 
*          1    00007480    0000007c     UNINITIALIZED
                  00007480    0000007c     F2837xD_GlobalVariableDefs.obj (AdcbRegsFile)

AdccRegsFile 
*          1    00007500    0000007c     UNINITIALIZED
                  00007500    0000007c     F2837xD_GlobalVariableDefs.obj (AdccRegsFile)

AdcdRegsFile 
*          1    00007580    0000007c     UNINITIALIZED
                  00007580    0000007c     F2837xD_GlobalVariableDefs.obj (AdcdRegsFile)

InputXbarRegsFile 
*          1    00007900    00000020     UNINITIALIZED
                  00007900    00000020     F2837xD_GlobalVariableDefs.obj (InputXbarRegsFile)

XbarRegsFile 
*          1    00007920    0000000e     UNINITIALIZED
                  00007920    0000000e     F2837xD_GlobalVariableDefs.obj (XbarRegsFile)

SyncSocRegsFile 
*          1    00007940    00000006     UNINITIALIZED
                  00007940    00000006     F2837xD_GlobalVariableDefs.obj (SyncSocRegsFile)

DmaClaSrcSelRegsFile 
*          1    00007980    0000001a     UNINITIALIZED
                  00007980    0000001a     F2837xD_GlobalVariableDefs.obj (DmaClaSrcSelRegsFile)

EPwmXbarRegsFile 
*          1    00007a00    00000040     UNINITIALIZED
                  00007a00    00000040     F2837xD_GlobalVariableDefs.obj (EPwmXbarRegsFile)

OutputXbarRegsFile 
*          1    00007a80    00000040     UNINITIALIZED
                  00007a80    00000040     F2837xD_GlobalVariableDefs.obj (OutputXbarRegsFile)

GpioCtrlRegsFile 
*          1    00007c00    00000180     UNINITIALIZED
                  00007c00    00000180     F2837xD_GlobalVariableDefs.obj (GpioCtrlRegsFile)

GpioDataRegsFile 
*          1    00007f00    00000030     UNINITIALIZED
                  00007f00    00000030     F2837xD_GlobalVariableDefs.obj (GpioDataRegsFile)

.esysmem   1    0000a800    00000400     UNINITIALIZED
                  0000a800    00000004     rts2800_fpu32.lib : memory.c.obj (.esysmem)
                  0000a804    000003fc     --HOLE--

.econst    1    0000ac00    00000268     
                  0000ac00    000001c0     F2837xD_PieVect.obj (.econst:_PieVectTableInit)
                  0000adc0    00000048     main4.obj (.econst:_coeffs)
                  0000ae08    00000032     rts2800_fpu32.lib : e_powf.c.obj (.econst)
                  0000ae3a    00000018     main4.obj (.econst:.string)
                  0000ae52    00000006     rts2800_fpu32.lib : s_scalbnf.c.obj (.econst)
                  0000ae58    00000004     main4.obj (.econst:_HannCoefs)
                  0000ae5c    00000004     rts2800_fpu32.lib : e_powf.c.obj (.econst:_bp)
                  0000ae60    00000004                       : e_powf.c.obj (.econst:_dp_h)
                  0000ae64    00000004                       : e_powf.c.obj (.econst:_dp_l)

.ebss      1    0000c000    0000a14c     UNINITIALIZED
                  0000c000    00001e54     main4.obj (.ebss:_cfbuf2)
                  0000de54    00000020     main4.obj (.ebss:_unityRoots)
                  0000de74    0000000a     F2837xD_struct.obj (.ebss:_ADC)
                  0000de7e    00000002     rts2800_fpu32.lib : _lock.c.obj (.ebss:__lock)
                  0000de80    00001b08     main4.obj (.ebss:_cfbuf0)
                  0000f988    0000001e     F2837xD_struct.obj (.ebss:_TRIP_SEL)
                  0000f9a6    0000001a     F2837xD_struct.obj (.ebss:_EPWM)
                  0000f9c0    00001758     main4.obj (.ebss:_cfbuf1)
                  00011118    00000018     F2837xD_CpuTimers.obj (.ebss)
                  00011130    0000000e     F2837xD_struct.obj (.ebss:_ECAP)
                  0001113e    00000002     rts2800_fpu32.lib : _lock.c.obj (.ebss:__unlock)
                  00011140    00001004     main4.obj (.ebss:_outputSpectrum)
                  00012144    00000018     main4.obj (.ebss:_xBuffer_IN)
                  0001215c    00000018     main4.obj (.ebss:_xBuffer_OUT)
                  00012174    00000008     F2837xD_struct.obj (.ebss:_EQEP)
                  0001217c    00000004     F2837xD_struct.obj (.ebss:_I2C)
                  00012180    00000804     main4.obj (.ebss:_inputSpectrum)
                  00012984    00000018     main4.obj (.ebss:_yBuffer_IN)
                  0001299c    00000018     main4.obj (.ebss:_yBuffer_OUT)
                  000129b4    00000008     F2837xD_struct.obj (.ebss:_SPI)
                  000129bc    00000004     F2837xD_struct.obj (.ebss:_MCBSP)
                  000129c0    00000800     main4.obj (.ebss:_CFFTF32Coef)
                  000131c0    00000800     main4.obj (.ebss:_RFFTF32Coef)
                  000139c0    00000800     main4.obj (.ebss:_analysisWindow)
                  000141c0    00000800     main4.obj (.ebss:_inputBlock)
                  000149c0    00000800     main4.obj (.ebss:_synthesisWindow)
                  000151c0    00000600     main4.obj (.ebss:_overlapAddBuffer)
                  000157c0    000003c0     main4.obj (.ebss:_apbuf0)
                  00015b80    00000200     main4.obj (.ebss:_soundData)
                  00015d80    00000142     main4.obj (.ebss:_apbuf1)
                  00015ec2    00000014     ICFFT_f32.obj (.ebss)
                  00015ed6    00000006     F2837xD_TempSensorConv.obj (.ebss)
                  00015edc    00000006     F2837xD_struct.obj (.ebss:_SDFM)
                  00015ee2    00000006     device.obj (.ebss)
                  00015ee8    00000006     rts2800_fpu32.lib : exit.c.obj (.ebss)
                  00015eee    00000005     LCD_Driver.obj (.ebss:_init_commands)
                  00015ef3    00000001     F2837xD_sci_io.obj (.ebss)
                  00015ef4    00000004     F2837xD_struct.obj (.ebss:_SCI)
                  00015ef8    00000004     rts2800_fpu32.lib : memory.c.obj (.ebss)
                  00015efc    00000002     LCD_Driver.obj (.ebss:_clear)
                  00015efe    00000001     LCD_Driver.obj (.ebss:_newline)
                  00015eff    00000001     rts2800_fpu32.lib : errno.c.obj (.ebss)
                  00015f00    00000100     main4.obj (.ebss:_audioIn)
                  00016000    00000100     main4.obj (.ebss:_audioOut)
                  00016100    0000004c     main4.obj (.ebss)

CFFTinBuff 
*          1    00019000    00001000     UNINITIALIZED
                  00019000    00001000     main4.obj (CFFTinBuff)

outputBlock 
*          1    0001a000    00001000     UNINITIALIZED
                  0001a000    00001000     main4.obj (outputBlock)

PUTBUFFER 
*          1    0003fc00    00000080     UNINITIALIZED
                  0003fc00    00000080     F2837xD_Ipc_Driver.obj (PUTBUFFER)

PUTWRITEIDX 
*          1    0003fc80    00000004     UNINITIALIZED
                  0003fc80    00000004     F2837xD_Ipc_Driver.obj (PUTWRITEIDX)

GETREADIDX 
*          1    0003fc84    00000004     UNINITIALIZED
                  0003fc84    00000004     F2837xD_Ipc_Driver.obj (GETREADIDX)

GETBUFFER 
*          0    0003f800    00000080     DSECT
                  0003f800    00000080     F2837xD_Ipc_Driver.obj (GETBUFFER)

GETWRITEIDX 
*          0    0003f880    00000004     DSECT
                  0003f880    00000004     F2837xD_Ipc_Driver.obj (GETWRITEIDX)

PUTREADIDX 
*          0    0003f884    00000004     DSECT
                  0003f884    00000004     F2837xD_Ipc_Driver.obj (PUTREADIDX)

windowedInputBlock 
*          1    00009000    00000800     UNINITIALIZED
                  00009000    00000800     main4.obj (windowedInputBlock)

RFFToutBuff 
*          1    0001b000    00000800     UNINITIALIZED
                  0001b000    00000800     main4.obj (RFFToutBuff)

Emif1RegsFile 
*          1    00047000    00000028     UNINITIALIZED
                  00047000    00000028     F2837xD_GlobalVariableDefs.obj (Emif1RegsFile)

Emif2RegsFile 
*          1    00047800    00000028     UNINITIALIZED
                  00047800    00000028     F2837xD_GlobalVariableDefs.obj (Emif2RegsFile)

CanaRegsFile 
*          1    00048000    00000164     UNINITIALIZED
                  00048000    00000164     F2837xD_GlobalVariableDefs.obj (CanaRegsFile)

CanbRegsFile 
*          1    0004a000    00000164     UNINITIALIZED
                  0004a000    00000164     F2837xD_GlobalVariableDefs.obj (CanbRegsFile)

IpcRegsFile 
*          1    00050000    00000024     UNINITIALIZED
                  00050000    00000024     F2837xD_GlobalVariableDefs.obj (IpcRegsFile)

FlashPumpSemaphoreRegsFile 
*          1    00050024    00000002     UNINITIALIZED
                  00050024    00000002     F2837xD_GlobalVariableDefs.obj (FlashPumpSemaphoreRegsFile)

AnalogSubsysRegsFile 
*          1    0005d180    0000003e     UNINITIALIZED
                  0005d180    0000003e     F2837xD_GlobalVariableDefs.obj (AnalogSubsysRegsFile)

Cla1SoftIntRegsFile 
*          1    00000ce0    00000003     DSECT
                  00000ce0    00000003     F2837xD_GlobalVariableDefs.obj (Cla1SoftIntRegsFile)

Cmpss1RegsFile 
*          1    00005c80    0000001b     UNINITIALIZED
                  00005c80    0000001b     F2837xD_GlobalVariableDefs.obj (Cmpss1RegsFile)

Cmpss2RegsFile 
*          1    00005ca0    0000001b     UNINITIALIZED
                  00005ca0    0000001b     F2837xD_GlobalVariableDefs.obj (Cmpss2RegsFile)

Cmpss3RegsFile 
*          1    00005cc0    0000001b     UNINITIALIZED
                  00005cc0    0000001b     F2837xD_GlobalVariableDefs.obj (Cmpss3RegsFile)

Cmpss4RegsFile 
*          1    00005ce0    0000001b     UNINITIALIZED
                  00005ce0    0000001b     F2837xD_GlobalVariableDefs.obj (Cmpss4RegsFile)

Cmpss5RegsFile 
*          1    00005d00    0000001b     UNINITIALIZED
                  00005d00    0000001b     F2837xD_GlobalVariableDefs.obj (Cmpss5RegsFile)

Cmpss6RegsFile 
*          1    00005d20    0000001b     UNINITIALIZED
                  00005d20    0000001b     F2837xD_GlobalVariableDefs.obj (Cmpss6RegsFile)

Cmpss7RegsFile 
*          1    00005d40    0000001b     UNINITIALIZED
                  00005d40    0000001b     F2837xD_GlobalVariableDefs.obj (Cmpss7RegsFile)

Cmpss8RegsFile 
*          1    00005d60    0000001b     UNINITIALIZED
                  00005d60    0000001b     F2837xD_GlobalVariableDefs.obj (Cmpss8RegsFile)

RomPrefetchRegsFile 
*          1    0005e608    00000002     UNINITIALIZED
                  0005e608    00000002     F2837xD_GlobalVariableDefs.obj (RomPrefetchRegsFile)

DcsmZ1RegsFile 
*          1    0005f000    00000022     UNINITIALIZED
                  0005f000    00000022     F2837xD_GlobalVariableDefs.obj (DcsmZ1RegsFile)

DcsmZ2RegsFile 
*          1    0005f040    00000022     UNINITIALIZED
                  0005f040    00000022     F2837xD_GlobalVariableDefs.obj (DcsmZ2RegsFile)

DcsmCommonRegsFile 
*          1    0005f070    00000006     UNINITIALIZED
                  0005f070    00000006     F2837xD_GlobalVariableDefs.obj (DcsmCommonRegsFile)

MemCfgRegsFile 
*          1    0005f400    00000076     UNINITIALIZED
                  0005f400    00000076     F2837xD_GlobalVariableDefs.obj (MemCfgRegsFile)

Emif1ConfigRegsFile 
*          1    0005f480    0000000a     UNINITIALIZED
                  0005f480    0000000a     F2837xD_GlobalVariableDefs.obj (Emif1ConfigRegsFile)

Emif2ConfigRegsFile 
*          1    0005f4a0    0000000a     UNINITIALIZED
                  0005f4a0    0000000a     F2837xD_GlobalVariableDefs.obj (Emif2ConfigRegsFile)

AccessProtectionRegsFile 
*          1    0005f4c0    0000002e     UNINITIALIZED
                  0005f4c0    0000002e     F2837xD_GlobalVariableDefs.obj (AccessProtectionRegsFile)

MemoryErrorRegsFile 
*          1    0005f500    0000003a     UNINITIALIZED
                  0005f500    0000003a     F2837xD_GlobalVariableDefs.obj (MemoryErrorRegsFile)

RomWaitStateRegsFile 
*          1    0005f540    00000002     UNINITIALIZED
                  0005f540    00000002     F2837xD_GlobalVariableDefs.obj (RomWaitStateRegsFile)

Flash0CtrlRegsFile 
*          1    0005f800    00000182     UNINITIALIZED
                  0005f800    00000182     F2837xD_GlobalVariableDefs.obj (Flash0CtrlRegsFile)

Flash0EccRegsFile 
*          1    0005fb00    00000028     UNINITIALIZED
                  0005fb00    00000028     F2837xD_GlobalVariableDefs.obj (Flash0EccRegsFile)

DevCfgRegsFile 
*          1    0005d000    0000012e     UNINITIALIZED
                  0005d000    0000012e     F2837xD_GlobalVariableDefs.obj (DevCfgRegsFile)

ClkCfgRegsFile 
*          1    0005d200    00000032     UNINITIALIZED
                  0005d200    00000032     F2837xD_GlobalVariableDefs.obj (ClkCfgRegsFile)

CpuSysRegsFile 
*          1    0005d300    00000082     UNINITIALIZED
                  0005d300    00000082     F2837xD_GlobalVariableDefs.obj (CpuSysRegsFile)

MODULE SUMMARY

       Module                           code    initialized data   uninitialized data
       ------                           ----    ----------------   ------------------
    .\
       main4.obj                        3166    349                53386             
       ICFFT_f32.obj                    377     0                  20                
       RFFT_f32.obj                     285     0                  0                 
       RFFT_f32_sincostable.obj         131     0                  0                 
       CFFT_f32_sincostable.obj         79      0                  0                 
       RFFT_f32_mag_TMU0.obj            78      0                  0                 
    +--+--------------------------------+-------+------------------+--------------------+
       Total:                           4116    349                53406             
                                                                                     
    .\Common\
       F2837xD_DefaultISR.obj           1413    0                  0                 
       F2837xD_SysCtrl.obj              1194    0                  0                 
       F2837xD_Gpio.obj                 580     0                  0                 
       F2837xD_PieVect.obj              38      448                0                 
       Codec_Driver.obj                 448     0                  0                 
       F2837xD_Mcbsp.obj                440     0                  0                 
       LCD_Driver.obj                   298     17                 8                 
       F2837xD_struct.obj               0       144                114               
       OneToOneI2CDriver.obj            160     0                  0                 
       Custom_Utils.obj                 151     0                  0                 
       F2837xD_Ipc_Driver.obj           0       0                  136               
       AIC23.obj                        66      0                  0                 
       F2837xD_PieCtrl.obj              40      0                  0                 
       F2837xD_CpuTimers.obj            0       0                  24                
       device.obj                       0       15                 6                 
       F2837xD_TempSensorConv.obj       0       0                  6                 
       F2837xD_sci_io.obj               0       4                  1                 
       F2837xD_usDelay.obj              4       0                  0                 
       F2837xD_DBGIER.obj               3       0                  0                 
       F2837xD_CodeStartBranch.obj      2       0                  0                 
    +--+--------------------------------+-------+------------------+--------------------+
       Total:                           4837    628                295               
                                                                                     
    .\Header\
       F2837xD_GlobalVariableDefs.obj   0       0                  8232              
    +--+--------------------------------+-------+------------------+--------------------+
       Total:                           0       0                  8232              
                                                                                     
    D:\ti\ccs1011\ccs\tools\compiler\ti-cgt-c2000_20.2.2.LTS\lib\rts2800_fpu32.lib
       e_powf.c.obj                     873     62                 0                 
       memory.c.obj                     652     4                  4                 
       fs_div28.asm.obj                 136     0                  0                 
       s_scalbnf.c.obj                  88      6                  0                 
       boot28.asm.obj                   86      0                  0                 
       exit.c.obj                       41      14                 6                 
       e_sqrtf.c.obj                    39      0                  0                 
       cpy_tbl.c.obj                    36      0                  0                 
       i_div28.asm.obj                  34      0                  0                 
       memcpy.c.obj                     29      0                  0                 
       ll_aox28.asm.obj                 24      0                  0                 
       _lock.c.obj                      9       10                 4                 
       args_main.c.obj                  18      0                  0                 
       s_copysignf.c.obj                17      0                  0                 
       strlen.c.obj                     8       0                  0                 
       memset.c.obj                     7       0                  0                 
       errno.c.obj                      0       4                  1                 
       pre_init.c.obj                   2       0                  0                 
       startup.c.obj                    1       0                  0                 
    +--+--------------------------------+-------+------------------+--------------------+
       Total:                           2100    100                15                
                                                                                     
       Heap:                            0       0                  1024              
       Stack:                           0       0                  512               
    +--+--------------------------------+-------+------------------+--------------------+
       Grand Total:                     11053   1077               63484             


GLOBAL DATA SYMBOLS: SORTED BY DATA PAGE

address     data page           name
--------    ----------------    ----
00000400      10 (00000400)     __stack

00000b00      2c (00000b00)     _AdcaResultRegs
00000b20      2c (00000b00)     _AdcbResultRegs

00000b40      2d (00000b40)     _AdccResultRegs
00000b60      2d (00000b40)     _AdcdResultRegs

00000c00      30 (00000c00)     _CpuTimer0Regs
00000c08      30 (00000c00)     _CpuTimer1Regs
00000c10      30 (00000c00)     _CpuTimer2Regs

00000ce0      33 (00000cc0)     _Cla1SoftIntRegs
00000ce0      33 (00000cc0)     _PieCtrlRegs

00000d00      34 (00000d00)     _EmuBMode
00000d00      34 (00000d00)     _PieVectTable
00000d01      34 (00000d00)     _EmuBootPins

00001000      40 (00001000)     _DmaRegs

00001400      50 (00001400)     _Cla1Regs

00004000     100 (00004000)     _EPwm1Regs

00004100     104 (00004100)     _EPwm2Regs

00004200     108 (00004200)     _EPwm3Regs

00004300     10c (00004300)     _EPwm4Regs

00004400     110 (00004400)     _EPwm5Regs

00004500     114 (00004500)     _EPwm6Regs

00004600     118 (00004600)     _EPwm7Regs

00004700     11c (00004700)     _EPwm8Regs

00004800     120 (00004800)     _EPwm9Regs

00004900     124 (00004900)     _EPwm10Regs

00004a00     128 (00004a00)     _EPwm11Regs

00004b00     12c (00004b00)     _EPwm12Regs

00005000     140 (00005000)     _ECap1Regs
00005020     140 (00005000)     _ECap2Regs

00005040     141 (00005040)     _ECap3Regs
00005060     141 (00005040)     _ECap4Regs

00005080     142 (00005080)     _ECap5Regs
000050a0     142 (00005080)     _ECap6Regs

00005100     144 (00005100)     _EQep1Regs

00005140     145 (00005140)     _EQep2Regs

00005180     146 (00005180)     _EQep3Regs

00005c00     170 (00005c00)     _DacaRegs
00005c10     170 (00005c00)     _DacbRegs
00005c20     170 (00005c00)     _DaccRegs

00005c80     172 (00005c80)     _Cmpss1Regs
00005ca0     172 (00005c80)     _Cmpss2Regs

00005cc0     173 (00005cc0)     _Cmpss3Regs
00005ce0     173 (00005cc0)     _Cmpss4Regs

00005d00     174 (00005d00)     _Cmpss5Regs
00005d20     174 (00005d00)     _Cmpss6Regs

00005d40     175 (00005d40)     _Cmpss7Regs
00005d60     175 (00005d40)     _Cmpss8Regs

00005e00     178 (00005e00)     _Sdfm1Regs

00005e80     17a (00005e80)     _Sdfm2Regs

00006000     180 (00006000)     _McbspaRegs

00006040     181 (00006040)     _McbspbRegs

00006100     184 (00006100)     _SpiaRegs
00006110     184 (00006100)     _SpibRegs
00006120     184 (00006100)     _SpicRegs

00006200     188 (00006200)     _UppRegs

00007000     1c0 (00007000)     _WdRegs

00007060     1c1 (00007040)     _NmiIntruptRegs
00007070     1c1 (00007040)     _XintRegs

00007200     1c8 (00007200)     _SciaRegs
00007210     1c8 (00007200)     _ScibRegs
00007220     1c8 (00007200)     _ScicRegs
00007230     1c8 (00007200)     _ScidRegs

00007300     1cc (00007300)     _I2caRegs

00007340     1cd (00007340)     _I2cbRegs

00007400     1d0 (00007400)     _AdcaRegs

00007480     1d2 (00007480)     _AdcbRegs

00007500     1d4 (00007500)     _AdccRegs

00007580     1d6 (00007580)     _AdcdRegs

00007900     1e4 (00007900)     _InputXbarRegs
00007920     1e4 (00007900)     _XbarRegs

00007940     1e5 (00007940)     _SyncSocRegs

00007980     1e6 (00007980)     _DmaClaSrcSelRegs

00007a00     1e8 (00007a00)     _EPwmXbarRegs

00007a80     1ea (00007a80)     _OutputXbarRegs

00007c00     1f0 (00007c00)     _GpioCtrlRegs

00007f00     1fc (00007f00)     _GpioDataRegs

00009000     240 (00009000)     _windowedInputBlock

0000a800     2a0 (0000a800)     __sys_memory

0000ac00     2b0 (0000ac00)     _PieVectTableInit

0000adc0     2b7 (0000adc0)     _coeffs

0000ae58     2b9 (0000ae40)     _HannCoefs

0000c000     300 (0000c000)     _cfbuf2

0000de54     379 (0000de40)     _unityRoots
0000de74     379 (0000de40)     _ADC
0000de7e     379 (0000de40)     __lock

0000de80     37a (0000de80)     _cfbuf0

0000f988     3e6 (0000f980)     _TRIP_SEL
0000f9a6     3e6 (0000f980)     _EPWM

0000f9c0     3e7 (0000f9c0)     _cfbuf1

00011118     444 (00011100)     _CpuTimer0
00011120     444 (00011100)     _CpuTimer1
00011128     444 (00011100)     _CpuTimer2
00011130     444 (00011100)     _ECAP
0001113e     444 (00011100)     __unlock

00011140     445 (00011140)     _outputSpectrum

00012144     485 (00012140)     _xBuffer_IN
0001215c     485 (00012140)     _xBuffer_OUT
00012174     485 (00012140)     _EQEP
0001217c     485 (00012140)     _I2C

00012180     486 (00012180)     _inputSpectrum

00012984     4a6 (00012980)     _yBuffer_IN
0001299c     4a6 (00012980)     _yBuffer_OUT
000129b4     4a6 (00012980)     _SPI
000129bc     4a6 (00012980)     _MCBSP

000129c0     4a7 (000129c0)     _CFFTF32Coef

000131c0     4c7 (000131c0)     _RFFTF32Coef

000139c0     4e7 (000139c0)     _analysisWindow

000141c0     507 (000141c0)     _inputBlock

000149c0     527 (000149c0)     _synthesisWindow

000151c0     547 (000151c0)     _overlapAddBuffer

000157c0     55f (000157c0)     _apbuf0

00015b80     56e (00015b80)     _soundData

00015d80     576 (00015d80)     _apbuf1

00015ed6     57b (00015ec0)     _tempSensor_tempSlope
00015ed8     57b (00015ec0)     _tempSensor_tempOffset
00015eda     57b (00015ec0)     _tempSensor_scaleFactor
00015edc     57b (00015ec0)     _SDFM
00015ee2     57b (00015ec0)     _Example_Result
00015ee4     57b (00015ec0)     _Example_PassCount
00015ee6     57b (00015ec0)     _Example_Fail
00015ee8     57b (00015ec0)     ___TI_enable_exit_profile_output
00015eea     57b (00015ec0)     ___TI_cleanup_ptr
00015eec     57b (00015ec0)     ___TI_dtors_ptr
00015eee     57b (00015ec0)     _init_commands
00015ef3     57b (00015ec0)     _deviceOpen
00015ef4     57b (00015ec0)     _SCI
00015efc     57b (00015ec0)     _clear
00015efe     57b (00015ec0)     _newline
00015eff     57b (00015ec0)     _errno

00015f00     57c (00015f00)     _audioIn

00016000     580 (00016000)     _audioOut

00016100     584 (00016100)     _cf0_lim
00016101     584 (00016100)     _cf1_lim
00016102     584 (00016100)     _cf2_lim
00016103     584 (00016100)     _ap0_lim
00016104     584 (00016100)     _ap1_lim
00016105     584 (00016100)     _cf0_p
00016106     584 (00016100)     _cf1_p
00016107     584 (00016100)     _cf2_p
00016108     584 (00016100)     _cf3_p
00016109     584 (00016100)     _ap0_p
0001610a     584 (00016100)     _ap1_p
0001610b     584 (00016100)     _ap2_p
0001610c     584 (00016100)     _pitchShiftMode
0001610d     584 (00016100)     _rotaryPosition
0001610e     584 (00016100)     _changed
0001610f     584 (00016100)     _pressed
00016110     584 (00016100)     _reverb
00016111     584 (00016100)     _processHopIndex
00016112     584 (00016100)     _outputHopIndex
00016113     584 (00016100)     _audioOutIndex
00016114     584 (00016100)     _audioInIndex
00016115     584 (00016100)     _fillingBuffer
00016116     584 (00016100)     _dataReadyToPlay
00016117     584 (00016100)     _dataReadyToProcess
00016118     584 (00016100)     _i
0001611a     584 (00016100)     _wet
0001611c     584 (00016100)     _time
0001611e     584 (00016100)     _cf0_g
00016120     584 (00016100)     _cf1_g
00016122     584 (00016100)     _cf2_g
00016124     584 (00016100)     _cf3_g
00016126     584 (00016100)     _ap0_g
00016128     584 (00016100)     _ap1_g
0001612a     584 (00016100)     _ap2_g
0001612c     584 (00016100)     _pitchShiftRatio
0001612e     584 (00016100)     _gain
00016130     584 (00016100)     _hnd_rfft
00016132     584 (00016100)     _hnd_icfft
00016134     584 (00016100)     _rfft

00016140     585 (00016140)     _icfft

00019000     640 (00019000)     _CFFTinBuff

0001a000     680 (0001a000)     _outputBlock

0001b000     6c0 (0001b000)     _RFFToutBuff

0003f800     fe0 (0003f800)     _g_asIPCCPU2toCPU1Buffers

0003f880     fe2 (0003f880)     _g_usGetWriteIndexes
0003f884     fe2 (0003f880)     _g_usPutReadIndexes

0003fc00     ff0 (0003fc00)     _g_asIPCCPU1toCPU2Buffers

0003fc80     ff2 (0003fc80)     _g_usPutWriteIndexes
0003fc84     ff2 (0003fc80)     _g_usGetReadIndexes

00047000    11c0 (00047000)     _Emif1Regs

00047800    11e0 (00047800)     _Emif2Regs

00048000    1200 (00048000)     _CanaRegs

0004a000    1280 (0004a000)     _CanbRegs

00050000    1400 (00050000)     _IpcRegs
00050024    1400 (00050000)     _FlashPumpSemaphoreRegs

0005d000    1740 (0005d000)     _DevCfgRegs

0005d180    1746 (0005d180)     _AnalogSubsysRegs

0005d200    1748 (0005d200)     _ClkCfgRegs

0005d300    174c (0005d300)     _CpuSysRegs

0005e608    1798 (0005e600)     _RomPrefetchRegs

0005f000    17c0 (0005f000)     _DcsmZ1Regs

0005f040    17c1 (0005f040)     _DcsmZ2Regs
0005f070    17c1 (0005f040)     _DcsmCommonRegs

0005f400    17d0 (0005f400)     _MemCfgRegs

0005f480    17d2 (0005f480)     _Emif1ConfigRegs
0005f4a0    17d2 (0005f480)     _Emif2ConfigRegs

0005f4c0    17d3 (0005f4c0)     _AccessProtectionRegs

0005f500    17d4 (0005f500)     _MemoryErrorRegs

0005f540    17d5 (0005f540)     _RomWaitStateRegs

0005f800    17e0 (0005f800)     _Flash0CtrlRegs

0005fb00    17ec (0005fb00)     _Flash0EccRegs


GLOBAL SYMBOLS: SORTED ALPHABETICALLY BY Name 

page  address   name                                  
----  -------   ----                                  
1     0001614c  .text                                 
1     00018b1a  C$$EXIT                               
1     00018882  FS$$DIV                               
1     00018bdd  I$$DIV                                
1     00018bee  I$$MOD                                
1     00018c1c  LL$$AND                               
1     00018c24  LL$$OR                                
1     00018c2c  LL$$XOR                               
1     0000de74  _ADC                                  
1     00016d39  _ADCA1_ISR                            
1     00016fb9  _ADCA2_ISR                            
1     00016fc3  _ADCA3_ISR                            
1     00016fcd  _ADCA4_ISR                            
1     00016faf  _ADCA_EVT_ISR                         
1     00016d43  _ADCB1_ISR                            
1     00016fe1  _ADCB2_ISR                            
1     00016feb  _ADCB3_ISR                            
1     00016ff5  _ADCB4_ISR                            
1     00016fd7  _ADCB_EVT_ISR                         
1     00016d4d  _ADCC1_ISR                            
1     00017149  _ADCC2_ISR                            
1     00017153  _ADCC3_ISR                            
1     0001715d  _ADCC4_ISR                            
1     0001713f  _ADCC_EVT_ISR                         
1     00016d6b  _ADCD1_ISR                            
1     00017171  _ADCD2_ISR                            
1     0001717b  _ADCD3_ISR                            
1     00017185  _ADCD4_ISR                            
1     00017167  _ADCD_EVT_ISR                         
1     000171c1  _AUX_PLL_SLIP_ISR                     
1     000183d5  _A_ISR                                
1     0005f4c0  _AccessProtectionRegs                 
1     00007400  _AdcaRegs                             
1     00000b00  _AdcaResultRegs                       
1     00007480  _AdcbRegs                             
1     00000b20  _AdcbResultRegs                       
1     00007500  _AdccRegs                             
1     00000b40  _AdccResultRegs                       
1     00007580  _AdcdRegs                             
1     00000b60  _AdcdResultRegs                       
1     0005d180  _AnalogSubsysRegs                     
1     00017639  _AuxAuxClkSel                         
1     00017623  _AuxIntOsc2Sel                        
1     0001762d  _AuxXtalOscSel                        
1     00018429  _B_ISR                                
1     00016f87  _CANA0_ISR                            
1     00016f91  _CANA1_ISR                            
1     00016f9b  _CANB0_ISR                            
1     00016fa5  _CANB1_ISR                            
1     000129c0  _CFFTF32Coef                          
1     00018a46  _CFFT_f32_sincostable                 
1     00019000  _CFFTinBuff                           
1     00016fff  _CLA1_1_ISR                           
1     00017009  _CLA1_2_ISR                           
1     00017013  _CLA1_3_ISR                           
1     0001701d  _CLA1_4_ISR                           
1     00017027  _CLA1_5_ISR                           
1     00017031  _CLA1_6_ISR                           
1     0001703b  _CLA1_7_ISR                           
1     00017045  _CLA1_8_ISR                           
1     000171cb  _CLA_OVERFLOW_ISR                     
1     000171d5  _CLA_UNDERFLOW_ISR                    
1     00018b0e  _CLKsampleratecontrol                 
1     00048000  _CanaRegs                             
1     0004a000  _CanbRegs                             
1     00001400  _Cla1Regs                             
0     00000ce0  _Cla1SoftIntRegs                      
1     0005d200  _ClkCfgRegs                           
1     00005c80  _Cmpss1Regs                           
1     00005ca0  _Cmpss2Regs                           
1     00005cc0  _Cmpss3Regs                           
1     00005ce0  _Cmpss4Regs                           
1     00005d00  _Cmpss5Regs                           
1     00005d20  _Cmpss6Regs                           
1     00005d40  _Cmpss7Regs                           
1     00005d60  _Cmpss8Regs                           
1     00017ee3  _Codec_driver_init                    
1     00017ef0  _Codec_driver_send_command            
1     0001768d  _ConfigureTMXAnalogTrim               
1     0005d300  _CpuSysRegs                           
1     00011118  _CpuTimer0                            
1     00000c00  _CpuTimer0Regs                        
1     00011120  _CpuTimer1                            
1     00000c08  _CpuTimer1Regs                        
1     00011128  _CpuTimer2                            
1     00000c10  _CpuTimer2Regs                        
1     000175ce  _CsmUnlock                            
1     00016c8f  _DATALOG_ISR                          
1     00016ed3  _DMA_CH1_ISR                          
1     00016edd  _DMA_CH2_ISR                          
1     00016ee7  _DMA_CH3_ISR                          
1     00016ef1  _DMA_CH4_ISR                          
1     00016efb  _DMA_CH5_ISR                          
1     00016f05  _DMA_CH6_ISR                          
1     00018b02  _DSPdigaudinterface                   
1     00005c00  _DacaRegs                             
1     00005c10  _DacbRegs                             
1     00005c20  _DaccRegs                             
1     0005f070  _DcsmCommonRegs                       
1     0005f000  _DcsmZ1Regs                           
1     0005f040  _DcsmZ2Regs                           
1     0005d000  _DevCfgRegs                           
1     000172e3  _DisableDog                           
1     000172a4  _DisablePeripheralClocks              
1     00007980  _DmaClaSrcSelRegs                     
1     00001000  _DmaRegs                              
1     00016bde  _Do_Allpass0                          
1     00016c17  _Do_Allpass1                          
1     00016b5a  _Do_Comb0                             
1     00016b86  _Do_Comb1                             
1     00016bb2  _Do_Comb2                             
1     00016c50  _Do_Reverb                            
1     00011130  _ECAP                                 
1     00016e29  _ECAP1_ISR                            
1     00016e33  _ECAP2_ISR                            
1     00016e3d  _ECAP3_ISR                            
1     00016e47  _ECAP4_ISR                            
1     00016e51  _ECAP5_ISR                            
1     00016e5b  _ECAP6_ISR                            
1     00005000  _ECap1Regs                            
1     00005020  _ECap2Regs                            
1     00005040  _ECap3Regs                            
1     00005060  _ECap4Regs                            
1     00005080  _ECap5Regs                            
1     000050a0  _ECap6Regs                            
1     0001718f  _EMIF_ERROR_ISR                       
1     000171e9  _EMPTY_ISR                            
1     00016ca3  _EMU_ISR                              
1     0000f9a6  _EPWM                                 
1     000170e5  _EPWM10_ISR                           
1     000170bd  _EPWM10_TZ_ISR                        
1     000170ef  _EPWM11_ISR                           
1     000170c7  _EPWM11_TZ_ISR                        
1     000170f9  _EPWM12_ISR                           
1     000170d1  _EPWM12_TZ_ISR                        
1     00016dd9  _EPWM1_ISR                            
1     00016d89  _EPWM1_TZ_ISR                         
1     00016de3  _EPWM2_ISR                            
1     00016d93  _EPWM2_TZ_ISR                         
1     00016ded  _EPWM3_ISR                            
1     00016d9d  _EPWM3_TZ_ISR                         
1     00016df7  _EPWM4_ISR                            
1     00016da7  _EPWM4_TZ_ISR                         
1     00016e01  _EPWM5_ISR                            
1     00016db1  _EPWM5_TZ_ISR                         
1     00016e0b  _EPWM6_ISR                            
1     00016dbb  _EPWM6_TZ_ISR                         
1     00016e15  _EPWM7_ISR                            
1     00016dc5  _EPWM7_TZ_ISR                         
1     00016e1f  _EPWM8_ISR                            
1     00016dcf  _EPWM8_TZ_ISR                         
1     000170db  _EPWM9_ISR                            
1     000170b3  _EPWM9_TZ_ISR                         
1     00004900  _EPwm10Regs                           
1     00004a00  _EPwm11Regs                           
1     00004b00  _EPwm12Regs                           
1     00004000  _EPwm1Regs                            
1     00004100  _EPwm2Regs                            
1     00004200  _EPwm3Regs                            
1     00004300  _EPwm4Regs                            
1     00004400  _EPwm5Regs                            
1     00004500  _EPwm6Regs                            
1     00004600  _EPwm7Regs                            
1     00004700  _EPwm8Regs                            
1     00004800  _EPwm9Regs                            
1     00007a00  _EPwmXbarRegs                         
1     00012174  _EQEP                                 
1     00016e65  _EQEP1_ISR                            
1     00016e6f  _EQEP2_ISR                            
1     00016e79  _EQEP3_ISR                            
1     00005100  _EQep1Regs                            
1     00005140  _EQep2Regs                            
1     00005180  _EQep3Regs                            
1     0005f480  _Emif1ConfigRegs                      
1     00047000  _Emif1Regs                            
1     0005f4a0  _Emif2ConfigRegs                      
1     00047800  _Emif2Regs                            
1     00000d00  _EmuBMode                             
1     00000d01  _EmuBootPins                          
1     00018b62  _EnableInterrupts                     
1     00015ee6  _Example_Fail                         
1     00015ee4  _Example_PassCount                    
1     00015ee2  _Example_Result                       
0     00000123  _F28x_usDelay                         
1     000171a3  _FLASH_CORRECTABLE_ERROR_ISR          
1     00017077  _FPU_OVERFLOW_ISR                     
1     00017081  _FPU_UNDERFLOW_ISR                    
1     0005f800  _Flash0CtrlRegs                       
1     0005fb00  _Flash0EccRegs                        
1     00050024  _FlashPumpSemaphoreRegs               
1     00017e98  _GPIO_EnableUnbondedIOPullups         
1     00017e73  _GPIO_EnableUnbondedIOPullupsFor100Pin
1     00017e5a  _GPIO_EnableUnbondedIOPullupsFor176Pin
1     00017eae  _GPIO_ReadPin                         
1     00017dff  _GPIO_SetupLock                       
1     00017cdf  _GPIO_SetupPinMux                     
1     00017d6b  _GPIO_SetupPinOptions                 
1     00017e28  _GPIO_SetupXINT1Gpio                  
1     00017e32  _GPIO_SetupXINT2Gpio                  
1     00017e3c  _GPIO_SetupXINT3Gpio                  
1     00017e46  _GPIO_SetupXINT4Gpio                  
1     00017e50  _GPIO_SetupXINT5Gpio                  
1     00017ec5  _GPIO_WritePin                        
1     00016245  _GPIO_getDirectionMode                
1     000162cf  _GPIO_getPadConfig                    
1     00016330  _GPIO_getQualificationMode            
1     000163a1  _GPIO_setAnalogMode                   
1     0001621d  _GPIO_setDirectionMode                
1     0001625b  _GPIO_setInterruptPin                 
1     00016374  _GPIO_setMasterCore                   
1     00016286  _GPIO_setPadConfig                    
1     000163ca  _GPIO_setPinConfig                    
1     00016303  _GPIO_setQualificationMode            
1     00016351  _GPIO_setQualificationPeriod          
1     00007c00  _GpioCtrlRegs                         
1     00007f00  _GpioDataRegs                         
1     00017657  _HALT                                 
1     00017670  _HIB                                  
1     0000ae58  _HannCoefs                            
1     0001217c  _I2C                                  
1     00016f19  _I2CA_FIFO_ISR                        
1     00016f0f  _I2CA_ISR                             
1     00016f2d  _I2CB_FIFO_ISR                        
1     00016f23  _I2CB_ISR                             
1     00018793  _I2C_O2O_Master_Init                  
1     000187b7  _I2C_O2O_SendBytes                    
1     00018b05  _I2Sdigaudinterface                   
1     00007300  _I2caRegs                             
1     00007340  _I2cbRegs                             
1     0001825c  _ICFFT_f32                            
1     00017643  _IDLE                                 
1     0001671f  _IIRFilter                            
1     00016cb7  _ILLEGAL_ISR                          
1     0001708b  _IPC0_ISR                             
1     00017095  _IPC1_ISR                             
1     0001709f  _IPC2_ISR                             
1     000170a9  _IPC3_ISR                             
1     000181b0  _IniMcbspb12bit                       
1     00017f03  _InitAIC23                            
1     000174df  _InitAuxPll                           
1     00017c9f  _InitGpio                             
1     00017fd1  _InitMcBSPb                           
1     000180a3  _InitMcbspa                           
1     000180f9  _InitMcbspa12bit                      
1     00018104  _InitMcbspa16bit                      
1     0001810f  _InitMcbspa20bit                      
1     0001811a  _InitMcbspa24bit                      
1     00018125  _InitMcbspa32bit                      
1     000180f2  _InitMcbspa8bit                       
1     00018130  _InitMcbspaGpio                       
1     000180e3  _InitMcbspaInt                        
1     0001815a  _InitMcbspb                           
1     000181bb  _InitMcbspb16bit                      
1     000181c6  _InitMcbspb20bit                      
1     000181d1  _InitMcbspb24bit                      
1     000181dc  _InitMcbspb32bit                      
1     000181a9  _InitMcbspb8bit                       
1     000181e7  _InitMcbspbGpio                       
1     0001819a  _InitMcbspbInt                        
1     00017220  _InitPeripheralClocks                 
1     00018b43  _InitPieCtrl                          
1     00018b93  _InitPieVectTable                     
1     0001805d  _InitSPIA                             
1     00017200  _InitSysCtrl                          
1     000172f1  _InitSysPll                           
1     00007900  _InputXbarRegs                        
1     00016513  _Interrupt_disable                    
1     000164df  _Interrupt_enable                     
1     00016481  _Interrupt_initModule                 
1     000164be  _Interrupt_initVectorTable            
1     00050000  _IpcRegs                              
1     00018517  _LCD_clear                            
1     00018504  _LCD_init                             
1     00018511  _LCD_newline                          
1     000185b2  _LCD_write_command                    
1     00018536  _LCD_write_data                       
1     0001851d  _LCD_write_float                      
1     0001852d  _LCD_write_string                     
1     000129bc  _MCBSP                                
1     00016eab  _MCBSPA_RX_ISR                        
1     00016eb5  _MCBSPA_TX_ISR                        
1     00016ebf  _MCBSPB_RX_ISR                        
1     00016ec9  _MCBSPB_TX_ISR                        
1     000184bd  _MCBSP_RX_INT                         
1     00006000  _McbspaRegs                           
1     00006040  _McbspbRegs                           
1     0005f400  _MemCfgRegs                           
1     0005f500  _MemoryErrorRegs                      
1     00016cad  _NMI_ISR                              
1     000171f6  _NOTUSED_ISR                          
1     00007060  _NmiIntruptRegs                       
1     00007a80  _OutputXbarRegs                       
1     000171df  _PIE_RESERVED_ISR                     
1     00000ce0  _PieCtrlRegs                          
1     00000d00  _PieVectTable                         
1     0000ac00  _PieVectTableInit                     
1     000171ad  _RAM_ACCESS_VIOLATION_ISR             
1     00017199  _RAM_CORRECTABLE_ERROR_ISR            
1     000131c0  _RFFTF32Coef                          
1     0001862e  _RFFT_f32                             
1     00018a8a  _RFFT_f32_mag_TMU0                    
1     00018920  _RFFT_f32_sincostable                 
1     0001b000  _RFFToutBuff                          
1     00016c99  _RTOS_ISR                             
1     000172cb  _ReleaseFlashPump                     
1     0005e608  _RomPrefetchRegs                      
1     0005f540  _RomWaitStateRegs                     
1     00015ef4  _SCI                                  
1     00016f5f  _SCIA_RX_ISR                          
1     00016f69  _SCIA_TX_ISR                          
1     00016f73  _SCIB_RX_ISR                          
1     00016f7d  _SCIB_TX_ISR                          
1     00016f37  _SCIC_RX_ISR                          
1     00016f41  _SCIC_TX_ISR                          
1     00016f4b  _SCID_RX_ISR                          
1     00016f55  _SCID_TX_ISR                          
1     00017103  _SD1_ISR                              
1     0001710d  _SD2_ISR                              
1     00015edc  _SDFM                                 
1     000129b4  _SPI                                  
1     00016e83  _SPIA_RX_ISR                          
1     00016e8d  _SPIA_TX_ISR                          
1     00016e97  _SPIB_RX_ISR                          
1     00016ea1  _SPIB_TX_ISR                          
1     00017117  _SPIC_RX_ISR                          
1     00017121  _SPIC_TX_ISR                          
1     0001764c  _STANDBY                              
1     0001847b  _SW_ISR                               
1     000171b7  _SYS_PLL_SLIP_ISR                     
1     00007200  _SciaRegs                             
1     00007210  _ScibRegs                             
1     00007220  _ScicRegs                             
1     00007230  _ScidRegs                             
1     00005e00  _Sdfm1Regs                            
1     00005e80  _Sdfm2Regs                            
1     000172bc  _SeizeFlashPump                       
1     000172d5  _ServiceDog                           
1     00018c6f  _SetDBGIER                            
1     00018098  _SpiTransmit                          
1     00006100  _SpiaRegs                             
1     00006110  _SpibRegs                             
1     00006120  _SpicRegs                             
1     00007940  _SyncSocRegs                          
1     000175ef  _SysIntOsc1Sel                        
1     000175ff  _SysIntOsc2Sel                        
1     00017613  _SysXtalOscSel                        
1     00016d75  _TIMER0_ISR                           
1     00016c7b  _TIMER1_ISR                           
1     00016c85  _TIMER2_ISR                           
1     0000f988  _TRIP_SEL                             
1     0001712b  _UPPA_ISR                             
1     00017135  _USBA_ISR                             
1     00018b08  _USBsampleratecontrol                 
1     00016d1b  _USER10_ISR                           
1     00016d25  _USER11_ISR                           
1     00016d2f  _USER12_ISR                           
1     00016cc1  _USER1_ISR                            
1     00016ccb  _USER2_ISR                            
1     00016cd5  _USER3_ISR                            
1     00016cdf  _USER4_ISR                            
1     00016ce9  _USER5_ISR                            
1     00016cf3  _USER6_ISR                            
1     00016cfd  _USER7_ISR                            
1     00016d07  _USER8_ISR                            
1     00016d11  _USER9_ISR                            
1     00006200  _UppRegs                              
1     0001706d  _VCU_ISR                              
1     00016d7f  _WAKE_ISR                             
1     00007000  _WdRegs                               
1     00016d57  _XINT1_ISR                            
1     00016d61  _XINT2_ISR                            
1     0001704f  _XINT3_ISR                            
1     00017059  _XINT4_ISR                            
1     00017063  _XINT5_ISR                            
1     00007920  _XbarRegs                             
1     00007070  _XintRegs                             
1     00000600  __STACK_END                           
abs   00000200  __STACK_SIZE                          
abs   00000400  __SYSMEM_SIZE                         
1     00015eea  ___TI_cleanup_ptr                     
1     00015eec  ___TI_dtors_ptr                       
1     00015ee8  ___TI_enable_exit_profile_output      
1     00017c9d  ___TI_heap_check                      
1     00017c80  ___TI_heap_largest_available          
1     00017c63  ___TI_heap_total_available            
abs   ffffffff  ___TI_pprof_out_hndl                  
abs   ffffffff  ___TI_prof_data_size                  
abs   ffffffff  ___TI_prof_data_start                 
abs   ffffffff  ___binit__                            
abs   ffffffff  ___c_args__                           
1     00018c74  ___cinit__                            
1     00018c74  ___etext__                            
abs   ffffffff  ___pinit__                            
1     0001614c  ___text__                             
1     00018c34  __args_main                           
1     0000de7e  __lock                                
1     00018c5f  __nop                                 
1     00018c5b  __register_lock                       
1     00018c57  __register_unlock                     
1     00000400  __stack                               
1     0000a800  __sys_memory                          
1     0001825b  __system_post_cinit                   
1     00018c72  __system_pre_init                     
1     0001113e  __unlock                              
1     00018afc  _aaudpath                             
1     00018b1a  _abort                                
1     00017bbd  _aligned_alloc                        
1     000139c0  _analysisWindow                       
1     00016126  _ap0_g                                
1     00016103  _ap0_lim                              
1     00016109  _ap0_p                                
1     00016128  _ap1_g                                
1     00016104  _ap1_lim                              
1     0001610a  _ap1_p                                
1     0001612a  _ap2_g                                
1     0001610b  _ap2_p                                
1     000157c0  _apbuf0                               
1     00015d80  _apbuf1                               
1     00015f00  _audioIn                              
1     00016114  _audioInIndex                         
1     00016000  _audioOut                             
1     00016113  _audioOutIndex                        
1     000189e5  _c_int00                              
1     00017b90  _calloc                               
1     0001611e  _cf0_g                                
1     00016100  _cf0_lim                              
1     00016105  _cf0_p                                
1     00016120  _cf1_g                                
1     00016101  _cf1_lim                              
1     00016106  _cf1_p                                
1     00016122  _cf2_g                                
1     00016102  _cf2_lim                              
1     00016107  _cf2_p                                
1     00016124  _cf3_g                                
1     00016108  _cf3_p                                
1     0000de80  _cfbuf0                               
1     0000f9c0  _cfbuf1                               
1     0000c000  _cfbuf2                               
1     0001610e  _changed                              
1     00015efc  _clear                                
1     00018245  _clkg_delay_loop                      
1     0000adc0  _coeffs                               
1     00018bb9  _copy_in                              
1     00018c46  _copysign                             
1     00018c46  _copysignf                            
1     00016116  _dataReadyToPlay                      
1     00016117  _dataReadyToProcess                   
1     0001822f  _delay_loop                           
1     00015ef3  _deviceOpen                           
1     00018b14  _digact                               
1     00018aff  _digaudiopath                         
1     00015eff  _errno                                
1     00018b1c  _exit                                 
1     00016ae8  _fillArray                            
1     00016b0a  _fillHannWindow                       
1     00016115  _fillingBuffer                        
1     00016a26  _fixInputSpectrum                     
1     00016a62  _fixOutputSpectrum                    
1     00017a3e  _free                                 
1     00018846  _ftoa                                 
1     00018adb  _fullpowerup                          
1     0003fc00  _g_asIPCCPU1toCPU2Buffers             
0     0003f800  _g_asIPCCPU2toCPU1Buffers             
1     0003fc84  _g_usGetReadIndexes                   
0     0003f880  _g_usGetWriteIndexes                  
0     0003f884  _g_usPutReadIndexes                   
1     0003fc80  _g_usPutWriteIndexes                  
1     0001612e  _gain                                 
1     00016a89  _generateUnityRoots                   
1     000169f0  _getDemodulationWindow                
1     000169b4  _getModifiedAnalysisWindowFloat       
1     00016978  _getModifiedAnalysisWindowInteger     
1     00016132  _hnd_icfft                            
1     00016130  _hnd_rfft                             
1     00016118  _i                                    
1     00016140  _icfft                                
1     00015eee  _init_commands                        
1     000141c0  _inputBlock                           
1     00012180  _inputSpectrum                        
1     0001880d  _intToStr                             
1     0001898d  _ldexp                                
1     0001898d  _ldexpf                               
1     00018aed  _lhp_volctl                           
1     00018ae1  _linput_volctl                        
1     0001655e  _main                                 
1     00017a13  _malloc                               
1     00017bbd  _memalign                             
1     00018bff  _memcpy                               
1     00018c68  _memset                               
1     00017b8c  _minit                                
1     00015efe  _newline                              
1     00018af9  _nomicaaudpath                        
1     00018ade  _nomicpowerup                         
1     0001a000  _outputBlock                          
1     00016112  _outputHopIndex                       
1     00011140  _outputSpectrum                       
1     000151c0  _overlapAddBuffer                     
1     0001610c  _pitchShiftMode                       
1     0001612c  _pitchShiftRatio                      
1     000176aa  _pow                                  
1     000176aa  _powf                                 
1     0001610f  _pressed                              
1     000167c0  _processData                          
1     00016111  _processHopIndex                      
1     000168ad  _processSpectrum                      
1     00017b08  _realloc                              
1     00018b17  _reset                                
1     00016110  _reverb                               
1     000187eb  _reverse                              
1     00016134  _rfft                                 
1     00018637  _rfft_f32_Stages1and2and3andBitReverse
1     000186a3  _rfft_f32_Stages4andUp                
1     00018af3  _rhp_volctl                           
1     00018ae7  _rinput_volctl                        
1     0001610d  _rotaryPosition                       
1     0001898d  _scalbn                               
1     0001898d  _scalbnf                              
1     00018ad8  _softpowerdown                        
1     00015b80  _soundData                            
1     00018b6c  _sqrt                                 
1     00018b6c  _sqrtf                                
1     00018c60  _strlen                               
1     000149c0  _synthesisWindow                      
1     00015eda  _tempSensor_scaleFactor               
1     00015ed8  _tempSensor_tempOffset                
1     00015ed6  _tempSensor_tempSlope                 
1     0001611c  _time                                 
1     0000de54  _unityRoots                           
1     0001611a  _wet                                  
[...]
1     00016140  _icfft                                
1     0001614c  .text                                 
1     0001614c  ___text__                             
1     0001621d  _GPIO_setDirectionMode                
1     00016245  _GPIO_getDirectionMode                
1     0001625b  _GPIO_setInterruptPin                 
1     00016286  _GPIO_setPadConfig                    
1     000162cf  _GPIO_getPadConfig                    
1     00016303  _GPIO_setQualificationMode            
1     00016330  _GPIO_getQualificationMode            
1     00016351  _GPIO_setQualificationPeriod          
1     00016374  _GPIO_setMasterCore                   
1     000163a1  _GPIO_setAnalogMode                   
1     000163ca  _GPIO_setPinConfig                    
1     00016481  _Interrupt_initModule                 
1     000164be  _Interrupt_initVectorTable            
1     000164df  _Interrupt_enable                     
1     00016513  _Interrupt_disable                    
1     0001655e  _main                                 
1     0001671f  _IIRFilter                            
1     000167c0  _processData                          
1     000168ad  _processSpectrum                      
1     00016978  _getModifiedAnalysisWindowInteger     
1     000169b4  _getModifiedAnalysisWindowFloat       
1     000169f0  _getDemodulationWindow                
1     00016a26  _fixInputSpectrum                     
1     00016a62  _fixOutputSpectrum                    
1     00016a89  _generateUnityRoots                   
1     00016ae8  _fillArray                            
1     00016b0a  _fillHannWindow                       
1     00016b5a  _Do_Comb0                             
1     00016b86  _Do_Comb1                             
1     00016bb2  _Do_Comb2                             
1     00016bde  _Do_Allpass0                          
1     00016c17  _Do_Allpass1                          
1     00016c50  _Do_Reverb                            
1     00016c7b  _TIMER1_ISR                           
1     00016c85  _TIMER2_ISR                           
1     00016c8f  _DATALOG_ISR                          
1     00016c99  _RTOS_ISR                             
1     00016ca3  _EMU_ISR                              
1     00016cad  _NMI_ISR                              
1     00016cb7  _ILLEGAL_ISR                          
1     00016cc1  _USER1_ISR                            
1     00016ccb  _USER2_ISR                            
1     00016cd5  _USER3_ISR                            
1     00016cdf  _USER4_ISR                            
1     00016ce9  _USER5_ISR                            
1     00016cf3  _USER6_ISR                            
1     00016cfd  _USER7_ISR                            
1     00016d07  _USER8_ISR                            
1     00016d11  _USER9_ISR                            
1     00016d1b  _USER10_ISR                           
1     00016d25  _USER11_ISR                           
1     00016d2f  _USER12_ISR                           
1     00016d39  _ADCA1_ISR                            
1     00016d43  _ADCB1_ISR                            
1     00016d4d  _ADCC1_ISR                            
1     00016d57  _XINT1_ISR                            
1     00016d61  _XINT2_ISR                            
1     00016d6b  _ADCD1_ISR                            
1     00016d75  _TIMER0_ISR                           
1     00016d7f  _WAKE_ISR                             
1     00016d89  _EPWM1_TZ_ISR                         
1     00016d93  _EPWM2_TZ_ISR                         
1     00016d9d  _EPWM3_TZ_ISR                         
1     00016da7  _EPWM4_TZ_ISR                         
1     00016db1  _EPWM5_TZ_ISR                         
1     00016dbb  _EPWM6_TZ_ISR                         
1     00016dc5  _EPWM7_TZ_ISR                         
1     00016dcf  _EPWM8_TZ_ISR                         
1     00016dd9  _EPWM1_ISR                            
1     00016de3  _EPWM2_ISR                            
1     00016ded  _EPWM3_ISR                            
1     00016df7  _EPWM4_ISR                            
1     00016e01  _EPWM5_ISR                            
1     00016e0b  _EPWM6_ISR                            
1     00016e15  _EPWM7_ISR                            
1     00016e1f  _EPWM8_ISR                            
1     00016e29  _ECAP1_ISR                            
1     00016e33  _ECAP2_ISR                            
1     00016e3d  _ECAP3_ISR                            
1     00016e47  _ECAP4_ISR                            
1     00016e51  _ECAP5_ISR                            
1     00016e5b  _ECAP6_ISR                            
1     00016e65  _EQEP1_ISR                            
1     00016e6f  _EQEP2_ISR                            
1     00016e79  _EQEP3_ISR                            
1     00016e83  _SPIA_RX_ISR                          
1     00016e8d  _SPIA_TX_ISR                          
1     00016e97  _SPIB_RX_ISR                          
1     00016ea1  _SPIB_TX_ISR                          
1     00016eab  _MCBSPA_RX_ISR                        
1     00016eb5  _MCBSPA_TX_ISR                        
1     00016ebf  _MCBSPB_RX_ISR                        
1     00016ec9  _MCBSPB_TX_ISR                        
1     00016ed3  _DMA_CH1_ISR                          
1     00016edd  _DMA_CH2_ISR                          
1     00016ee7  _DMA_CH3_ISR                          
1     00016ef1  _DMA_CH4_ISR                          
1     00016efb  _DMA_CH5_ISR                          
1     00016f05  _DMA_CH6_ISR                          
1     00016f0f  _I2CA_ISR                             
1     00016f19  _I2CA_FIFO_ISR                        
1     00016f23  _I2CB_ISR                             
1     00016f2d  _I2CB_FIFO_ISR                        
1     00016f37  _SCIC_RX_ISR                          
1     00016f41  _SCIC_TX_ISR                          
1     00016f4b  _SCID_RX_ISR                          
1     00016f55  _SCID_TX_ISR                          
1     00016f5f  _SCIA_RX_ISR                          
1     00016f69  _SCIA_TX_ISR                          
1     00016f73  _SCIB_RX_ISR                          
1     00016f7d  _SCIB_TX_ISR                          
1     00016f87  _CANA0_ISR                            
1     00016f91  _CANA1_ISR                            
1     00016f9b  _CANB0_ISR                            
1     00016fa5  _CANB1_ISR                            
1     00016faf  _ADCA_EVT_ISR                         
1     00016fb9  _ADCA2_ISR                            
1     00016fc3  _ADCA3_ISR                            
1     00016fcd  _ADCA4_ISR                            
1     00016fd7  _ADCB_EVT_ISR                         
1     00016fe1  _ADCB2_ISR                            
1     00016feb  _ADCB3_ISR                            
1     00016ff5  _ADCB4_ISR                            
1     00016fff  _CLA1_1_ISR                           
1     00017009  _CLA1_2_ISR                           
1     00017013  _CLA1_3_ISR                           
1     0001701d  _CLA1_4_ISR                           
1     00017027  _CLA1_5_ISR                           
1     00017031  _CLA1_6_ISR                           
1     0001703b  _CLA1_7_ISR                           
1     00017045  _CLA1_8_ISR                           
1     0001704f  _XINT3_ISR                            
1     00017059  _XINT4_ISR                            
1     00017063  _XINT5_ISR                            
1     0001706d  _VCU_ISR                              
1     00017077  _FPU_OVERFLOW_ISR                     
1     00017081  _FPU_UNDERFLOW_ISR                    
1     0001708b  _IPC0_ISR                             
1     00017095  _IPC1_ISR                             
1     0001709f  _IPC2_ISR                             
1     000170a9  _IPC3_ISR                             
1     000170b3  _EPWM9_TZ_ISR                         
1     000170bd  _EPWM10_TZ_ISR                        
1     000170c7  _EPWM11_TZ_ISR                        
1     000170d1  _EPWM12_TZ_ISR                        
1     000170db  _EPWM9_ISR                            
1     000170e5  _EPWM10_ISR                           
1     000170ef  _EPWM11_ISR                           
1     000170f9  _EPWM12_ISR                           
1     00017103  _SD1_ISR                              
1     0001710d  _SD2_ISR                              
1     00017117  _SPIC_RX_ISR                          
1     00017121  _SPIC_TX_ISR                          
1     0001712b  _UPPA_ISR                             
1     00017135  _USBA_ISR                             
1     0001713f  _ADCC_EVT_ISR                         
1     00017149  _ADCC2_ISR                            
1     00017153  _ADCC3_ISR                            
1     0001715d  _ADCC4_ISR                            
1     00017167  _ADCD_EVT_ISR                         
1     00017171  _ADCD2_ISR                            
1     0001717b  _ADCD3_ISR                            
1     00017185  _ADCD4_ISR                            
1     0001718f  _EMIF_ERROR_ISR                       
1     00017199  _RAM_CORRECTABLE_ERROR_ISR            
1     000171a3  _FLASH_CORRECTABLE_ERROR_ISR          
1     000171ad  _RAM_ACCESS_VIOLATION_ISR             
1     000171b7  _SYS_PLL_SLIP_ISR                     
1     000171c1  _AUX_PLL_SLIP_ISR                     
1     000171cb  _CLA_OVERFLOW_ISR                     
1     000171d5  _CLA_UNDERFLOW_ISR                    
1     000171df  _PIE_RESERVED_ISR                     
1     000171e9  _EMPTY_ISR                            
1     000171f6  _NOTUSED_ISR                          
1     00017200  _InitSysCtrl                          
1     00017220  _InitPeripheralClocks                 
1     000172a4  _DisablePeripheralClocks              
1     000172bc  _SeizeFlashPump                       
1     000172cb  _ReleaseFlashPump                     
1     000172d5  _ServiceDog                           
1     000172e3  _DisableDog                           
1     000172f1  _InitSysPll                           
1     000174df  _InitAuxPll                           
1     000175ce  _CsmUnlock                            
1     000175ef  _SysIntOsc1Sel                        
1     000175ff  _SysIntOsc2Sel                        
1     00017613  _SysXtalOscSel                        
1     00017623  _AuxIntOsc2Sel                        
1     0001762d  _AuxXtalOscSel                        
1     00017639  _AuxAuxClkSel                         
1     00017643  _IDLE                                 
1     0001764c  _STANDBY                              
1     00017657  _HALT                                 
1     00017670  _HIB                                  
1     0001768d  _ConfigureTMXAnalogTrim               
1     000176aa  _pow                                  
1     000176aa  _powf                                 
1     00017a13  _malloc                               
1     00017a3e  _free                                 
1     00017b08  _realloc                              
1     00017b8c  _minit                                
1     00017b90  _calloc                               
1     00017bbd  _aligned_alloc                        
1     00017bbd  _memalign                             
1     00017c63  ___TI_heap_total_available            
1     00017c80  ___TI_heap_largest_available          
1     00017c9d  ___TI_heap_check                      
1     00017c9f  _InitGpio                             
1     00017cdf  _GPIO_SetupPinMux                     
1     00017d6b  _GPIO_SetupPinOptions                 
1     00017dff  _GPIO_SetupLock                       
1     00017e28  _GPIO_SetupXINT1Gpio                  
1     00017e32  _GPIO_SetupXINT2Gpio                  
1     00017e3c  _GPIO_SetupXINT3Gpio                  
1     00017e46  _GPIO_SetupXINT4Gpio                  
1     00017e50  _GPIO_SetupXINT5Gpio                  
1     00017e5a  _GPIO_EnableUnbondedIOPullupsFor176Pin
1     00017e73  _GPIO_EnableUnbondedIOPullupsFor100Pin
1     00017e98  _GPIO_EnableUnbondedIOPullups         
1     00017eae  _GPIO_ReadPin                         
1     00017ec5  _GPIO_WritePin                        
1     00017ee3  _Codec_driver_init                    
1     00017ef0  _Codec_driver_send_command            
1     00017f03  _InitAIC23                            
1     00017fd1  _InitMcBSPb                           
1     0001805d  _InitSPIA                             
1     00018098  _SpiTransmit                          
1     000180a3  _InitMcbspa                           
1     000180e3  _InitMcbspaInt                        
1     000180f2  _InitMcbspa8bit                       
1     000180f9  _InitMcbspa12bit                      
1     00018104  _InitMcbspa16bit                      
1     0001810f  _InitMcbspa20bit                      
1     0001811a  _InitMcbspa24bit                      
1     00018125  _InitMcbspa32bit                      
1     00018130  _InitMcbspaGpio                       
1     0001815a  _InitMcbspb                           
1     0001819a  _InitMcbspbInt                        
1     000181a9  _InitMcbspb8bit                       
1     000181b0  _IniMcbspb12bit                       
1     000181bb  _InitMcbspb16bit                      
1     000181c6  _InitMcbspb20bit                      
1     000181d1  _InitMcbspb24bit                      
1     000181dc  _InitMcbspb32bit                      
1     000181e7  _InitMcbspbGpio                       
1     0001822f  _delay_loop                           
1     00018245  _clkg_delay_loop                      
1     0001825b  __system_post_cinit                   
1     0001825c  _ICFFT_f32                            
1     000183d5  _A_ISR                                
1     00018429  _B_ISR                                
1     0001847b  _SW_ISR                               
1     000184bd  _MCBSP_RX_INT                         
1     00018504  _LCD_init                             
1     00018511  _LCD_newline                          
1     00018517  _LCD_clear                            
1     0001851d  _LCD_write_float                      
1     0001852d  _LCD_write_string                     
1     00018536  _LCD_write_data                       
1     000185b2  _LCD_write_command                    
1     0001862e  _RFFT_f32                             
1     00018637  _rfft_f32_Stages1and2and3andBitReverse
1     000186a3  _rfft_f32_Stages4andUp                
1     00018793  _I2C_O2O_Master_Init                  
1     000187b7  _I2C_O2O_SendBytes                    
1     000187eb  _reverse                              
1     0001880d  _intToStr                             
1     00018846  _ftoa                                 
1     00018882  FS$$DIV                               
1     00018920  _RFFT_f32_sincostable                 
1     0001898d  _ldexp                                
1     0001898d  _ldexpf                               
1     0001898d  _scalbn                               
1     0001898d  _scalbnf                              
1     000189e5  _c_int00                              
1     00018a46  _CFFT_f32_sincostable                 
1     00018a8a  _RFFT_f32_mag_TMU0                    
1     00018ad8  _softpowerdown                        
1     00018adb  _fullpowerup                          
1     00018ade  _nomicpowerup                         
1     00018ae1  _linput_volctl                        
1     00018ae7  _rinput_volctl                        
1     00018aed  _lhp_volctl                           
1     00018af3  _rhp_volctl                           
1     00018af9  _nomicaaudpath                        
1     00018afc  _aaudpath                             
1     00018aff  _digaudiopath                         
1     00018b02  _DSPdigaudinterface                   
1     00018b05  _I2Sdigaudinterface                   
1     00018b08  _USBsampleratecontrol                 
1     00018b0e  _CLKsampleratecontrol                 
1     00018b14  _digact                               
1     00018b17  _reset                                
1     00018b1a  C$$EXIT                               
1     00018b1a  _abort                                
1     00018b1c  _exit                                 
1     00018b43  _InitPieCtrl                          
1     00018b62  _EnableInterrupts                     
1     00018b6c  _sqrt                                 
1     00018b6c  _sqrtf                                
1     00018b93  _InitPieVectTable                     
1     00018bb9  _copy_in                              
1     00018bdd  I$$DIV                                
1     00018bee  I$$MOD                                
1     00018bff  _memcpy                               
1     00018c1c  LL$$AND                               
1     00018c24  LL$$OR                                
1     00018c2c  LL$$XOR                               
1     00018c34  __args_main                           
1     00018c46  _copysign                             
1     00018c46  _copysignf                            
1     00018c57  __register_unlock                     
1     00018c5b  __register_lock                       
1     00018c5f  __nop                                 
1     00018c60  _strlen                               
1     00018c68  _memset                               
1     00018c6f  _SetDBGIER                            
1     00018c72  __system_pre_init                     
1     00018c74  ___cinit__                            
1     00018c74  ___etext__                            
1     00018c74  cinit                                 
1     00018c74  etext                                 
1     00019000  _CFFTinBuff                           
1     0001a000  _outputBlock                          
1     0001b000  _RFFToutBuff                          
1     0003fc00  _g_asIPCCPU1toCPU2Buffers             
1     0003fc80  _g_usPutWriteIndexes                  
1     0003fc84  _g_usGetReadIndexes                   
1     00047000  _Emif1Regs                            
1     00047800  _Emif2Regs                            
1     00048000  _CanaRegs                             
1     0004a000  _CanbRegs                             
1     00050000  _IpcRegs                              
1     00050024  _FlashPumpSemaphoreRegs               
1     0005d000  _DevCfgRegs                           
1     0005d180  _AnalogSubsysRegs                     
1     0005d200  _ClkCfgRegs                           
1     0005d300  _CpuSysRegs                           
1     0005e608  _RomPrefetchRegs                      
1     0005f000  _DcsmZ1Regs                           
1     0005f040  _DcsmZ2Regs                           
1     0005f070  _DcsmCommonRegs                       
1     0005f400  _MemCfgRegs                           
1     0005f480  _Emif1ConfigRegs                      
1     0005f4a0  _Emif2ConfigRegs                      
1     0005f4c0  _AccessProtectionRegs                 
1     0005f500  _MemoryErrorRegs                      
1     0005f540  _RomWaitStateRegs                     
1     0005f800  _Flash0CtrlRegs                       
1     0005fb00  _Flash0EccRegs                        
abs   00000200  __STACK_SIZE                          
abs   00000400  __SYSMEM_SIZE                         
abs   ffffffff  ___TI_pprof_out_hndl                  
abs   ffffffff  ___TI_prof_data_size                  
abs   ffffffff  ___TI_prof_data_start                 
abs   ffffffff  ___binit__                            
abs   ffffffff  ___c_args__                           
abs   ffffffff  ___pinit__                            
abs   ffffffff  binit                                 
abs   ffffffff  pinit                                 

[539 symbols]
